
> frontend@0.0.0 test:run
> vitest run


[1m[46m RUN [49m[22m [36mv4.0.18 [39m[90mC:/Users/gupta/Downloads/Agri-Tech-Somaiya/frontend[39m

node.exe : (node:33296) [DEP0040] DeprecationWarning: The `punycode` module is deprecated. 
Please use a userland alternative instead.
At C:\Program Files\nodejs\npm.ps1:29 char:3
+   & $NODE_EXE $NPM_CLI_JS $args
+   ~~~~~~~~~~~~~~~~~~~~~~~~~~~~~
    + CategoryInfo          : NotSpecified: ((node:33296) [D...native instead.:String) [], Remo 
   teException
    + FullyQualifiedErrorId : NativeCommandError
 
(Use `node --trace-deprecation ...` to show where the warning was created)
[90mstderr[2m | src/__tests__/routes.test.jsx[2m > [22m[2mRoute Tests[2m > 
[22m[2mPublic Routes (Unauthenticated)[2m > [22m[2mshould render login page at /login
[22m[39mΓÜá∩╕Å React Router Future Flag Warning: React Router will begin wrapping state 
updates in `React.startTransition` in v7. You can use the `v7_startTransition` future flag to 
opt-in early. For more information, see 
https://reactrouter.com/v6/upgrading/future#v7_starttransition.
ΓÜá∩╕Å React Router Future Flag Warning: Relative route resolution within Splat routes is 
changing in v7. You can use the `v7_relativeSplatPath` future flag to opt-in early. For more 
information, see https://reactrouter.com/v6/upgrading/future#v7_relativesplatpath.

 [31mΓ¥»[39m src/__tests__/routes.test.jsx [2m([22m[2m26 tests[22m[2m | [22m[31m13 failed[39m[2m)[22m[33m 37687[2mms[22m[39m
       [32mΓ£ô[39m should render login page at /login[32m 52[2mms[22m[39m
[31m       [31m├ù[31m should render signup page at /signup[39m[33m 1094[2mms[22m[39m
       [32mΓ£ô[39m should render auth page at /auth[32m 20[2mms[22m[39m
       [32mΓ£ô[39m should render auth test page at /auth-test[32m 28[2mms[22m[39m
       [32mΓ£ô[39m should redirect / to /login when not authenticated[32m 18[2mms[22m[39m
       [32mΓ£ô[39m should redirect /dashboard to /login when not authenticated[32m 16[2mms[22m[39m
       [32mΓ£ô[39m should redirect /crops to /login when not authenticated[32m 16[2mms[22m[39m
       [32mΓ£ô[39m should redirect /weather to /login when not authenticated[32m 9[2mms[22m[39m
       [32mΓ£ô[39m should redirect /analytics to /login when not authenticated[32m 11[2mms[22m[39m
       [32mΓ£ô[39m should redirect /disease-detector to /login when not authenticated[32m 10[2mms[22m[39m
       [32mΓ£ô[39m should redirect /inventory to /login when not authenticated[32m 16[2mms[22m[39m
       [32mΓ£ô[39m should redirect /reports to /login when not authenticated[32m 15[2mms[22m[39m
       [32mΓ£ô[39m should redirect /settings to /login when not authenticated[32m 10[2mms[22m[39m
[31m       [31m├ù[31m should redirect / to /dashboard when authenticated[39m[33m 3022[2mms[22m[39m
[31m       [31m├ù[31m should render dashboard at /dashboard when authenticated[39m[33m 3023[2mms[22m[39m
[31m       [31m├ù[31m should render crops page at /crops when authenticated[39m[33m 3024[2mms[22m[39m
[31m       [31m├ù[31m should render weather page at /weather when authenticated[39m[33m 3031[2mms[22m[39m
[31m       [31m├ù[31m should render analytics (market prices) page at /analytics when authenticated[39m[33m 3035[2mms[22m[39m
[31m       [31m├ù[31m should render disease detector page at /disease-detector when authenticated[39m[33m 3033[2mms[22m[39m
[31m       [31m├ù[31m should render inventory page at /inventory when authenticated[39m[33m 3040[2mms[22m[39m
[31m       [31m├ù[31m should render reports (schemes) page at /reports when authenticated[39m[33m 3018[2mms[22m[39m
[31m       [31m├ù[31m should render settings page at /settings when authenticated[39m[33m 3033[2mms[22m[39m
       [32mΓ£ô[39m should redirect unknown routes to / when unauthenticated[32m 25[2mms[22m[39m
[31m       [31m├ù[31m should redirect unknown routes to / (then /dashboard) when authenticated[39m[33m 3024[2mms[22m[39m
[31m       [31m├ù[31m should redirect authenticated users from /login to /dashboard[39m[33m 3024[2mms[22m[39m
[31m       [31m├ù[31m should redirect authenticated users from /signup to /dashboard[39m[33m 3033[2mms[22m[39m

[31mΓÄ»ΓÄ»ΓÄ»ΓÄ»ΓÄ»ΓÄ»[39m[1m[41m Failed Tests 13 [49m[22m[31mΓÄ»ΓÄ»ΓÄ»ΓÄ»ΓÄ»ΓÄ»ΓÄ»[39m

[41m[1m FAIL [22m[49m src/__tests__/routes.test.jsx[2m > [22mRoute Tests[2m > 
[22mPublic Routes (Unauthenticated)[2m > [22mshould render signup page at /signup
[31m[1mAssertionError[22m[39m: expected false to be truthy

Ignored nodes: comments, script, style
[36m<html>[39m
  [36m<head />[39m
  [36m<body>[39m
    [36m<div>[39m
      [36m<div[39m
        [33mclass[39m=[32m"min-h-screen bg-base-200"[39m
        [33mdata-theme[39m=[32m"lemonade"[39m
      [36m>[39m
        [36m<div[39m
          [33mclass[39m=[32m"min-h-screen bg-base-200 flex items-center justify-center 
p-4"[39m
          [33mdata-theme[39m=[32m"lemonade"[39m
        [36m>[39m
          [36m<div[39m
            [33mclass[39m=[32m"card w-full max-w-2xl bg-base-100 shadow-xl border 
border-base-300"[39m
          [36m>[39m
            [36m<div[39m
              [33mclass[39m=[32m"card-body p-6 md:p-8"[39m
            [36m>[39m
              [36m<div[39m
                [33mclass[39m=[32m"text-center mb-6"[39m
              [36m>[39m
                [36m<div[39m
                  [33mclass[39m=[32m"inline-flex items-center justify-center w-14 h-14 
rounded-full bg-primary/10 mb-3"[39m
                [36m>[39m
                  [36m<span[39m
                    [33mclass[39m=[32m"material-symbols-outlined text-4xl text-primary"[39m
                  [36m>[39m
                    [0magriculture[0m
                  [36m</span>[39m
                [36m</div>[39m
                [36m<h2[39m
                  [33mclass[39m=[32m"card-title justify-center text-2xl md:text-3xl 
font-black text-base-content"[39m
                [36m>[39m
                  [0mCreate Account[0m
                [36m</h2>[39m
                [36m<p[39m
                  [33mclass[39m=[32m"text-base-content/70 mt-1"[39m
                [36m>[39m
                  [0mBasic Information[0m
                [36m</p>[39m
              [36m</div>[39m
              [36m<div[39m
                [33mclass[39m=[32m"mb-5"[39m
              [36m>[39m
                [36m<div[39m
                  [33mclass[39m=[32m"flex items-center justify-between mb-1"[39m
                [36m>[39m
                  [36m<span[39m
                    [33mclass[39m=[32m"text-xs text-[#4D7C0F]"[39m
                  [36m>[39m
                    [0mStep 1 of 3[0m
                  [36m</span>[39m
                  [36m<span[39m
                    [33mclass[39m=[32m"text-xs font-medium text-[#65A30D]"[39m
                  [36m>[39m
                    [0m33[0m
                    [0m%[0m
                  [36m</span>[39m
                [36m</div>[39m
                [36m<div[39m
                  [33mclass[39m=[32m"w-full bg-[#ECFCCB] rounded-full h-2"[39m
                [36m>[39m
                  [36m<div[39m
                    [33mclass[39m=[32m"bg-[#84CC16] h-2 rounded-full transition-all 
duration-300"[39m
                    [33mstyle[39m=[32m"width: 33.33333333333333%;"[39m
                  [36m/>[39m
                [36m</div>[39m
              [36m</div>[39m
              [36m<div[39m
                [33mclass[39m=[32m"space-y-4"[39m
              [36m>[39m
                [36m<div[39m
                  [33mclass[39m=[32m"form-control"[39m
                [36m>[39m
                  [36m<label[39m
                    [33mclass[39m=[32m"label"[39m
                  [36m>[39m
                    [36m<span[39m
                      [33mclass[39m=[32m"label-text font-bold flex items-center gap-2"[39m
                    [36m>[39m
                      [36m<span[39m
                        [33mclass[39m=[32m"material-symbols-outlined text-sm"[39m
                      [36m>[39m
                        [0mcall[0m
                      [36m</span>[39m
                      [0m [0m
                      [0mPhone Number[0m
                    [36m</span>[39m
                  [36m</label>[39m
                  [36m<div[39m
                    [33mclass[39m=[32m"relative"[39m
                  [36m>[39m
                    [36m<input[39m
                      [33mclass[39m=[32m"input input-bordered w-full pr-12 text-lg h-14 
"[39m
                      [33mmaxlength[39m=[32m"10"[39m
                      [33mplaceholder[39m=[32m"10-digit mobile number"[39m
                      [33mtype[39m=[32m"tel"[39m
                      [33mvalue[39m=[32m""[39m
                    [36m/>[39m
                    [36m<div[39m
                      [33mclass[39m=[32m"absolute right-4 top-1/2 -translate-y-1/2 flex 
items-center"[39m
                    [36m/>[39m
                  [36m</div>[39m
                [36m</div>[39m
                [36m<div[39m
                  [33mclass[39m=[32m"form-control"[39m
                [36m>[39m
                  [36m<label[39m
                    [33mclass[39m=[32m"label"[39m
                  [36m>[39m
                    [36m<span[39m
                      [33mclass[39m=[32m"label-text font-bold flex items-center gap-2"[39m
                    [36m>[39m
                      [36m<span[39m
                        [33mclass[39m=[32m"material-symbols-outlined text-sm"[39m
                      [36m>[39m
                        [0mlock[0m
                      [36m</span>[39m
                      [0m [0m
                      [0mPassword[0m
                    [36m</span>[39m
                  [36m</label>[39m
                  [36m<input[39m
                    [33mclass[39m=[32m"input input-bordered w-full h-14"[39m
                    [33mplaceholder[39m=[32m"Min 6 characters"[39m
                    [33mtype[39m=[32m"password"[39m
                    [33mvalue[39m=[32m""[39m
                  [36m/>[39m
                [36m</div>[39m
                [36m<div[39m
                  [33mclass[39m=[32m"form-control"[39m
                [36m>[39m
                  [36m<label[39m
                    [33mclass[39m=[32m"label"[39m
                  [36m>[39m
                    [36m<span[39m
                      [33mclass[39m=[32m"label-text font-bold flex items-center gap-2"[39m
                    [36m>[39m
                      [36m<span[39m
                        [33mclass[39m=[32m"material-symbols-outlined text-sm"[39m
                      [36m>[39m
                        [0mverified_user[0m
                      [36m</span>[39m
                      [0m [0m
                      [0mConfirm Password[0m
                    [36m</span>[39m
                  [36m</label>[39m
                  [36m<input[39m
                    [33mclass[39m=[32m"input input-bordered w-full h-14"[39m
                    [33mplaceholder[39m=[32m"Re-enter password"[39m
                    [33mtype[39m=[32m"password"[39m
                    [33mvalue[39m=[32m""[39m
                  [36m/>[39m
                [36m</div>[39m
              [36m</div>[39m
              [36m<div[39m
                [33mclass[39m=[32m"card-actions grid grid-cols-2 gap-4 mt-8"[39m
              [36m>[39m
                [36m<button[39m
                  [33mclass[39m=[32m"btn btn-outline h-14"[39m
                  [33mdisabled[39m=[32m""[39m
                [36m>[39m
                  [36m<span[39m
                    [33mclass[39m=[32m"material-symbols-outlined"[39m
                  [36m>[39m
                    [0marrow_back[0m
                  [36m</span>[39m
                  [0mBack[0m
                [36m</button>[39m
                [36m<button[39m
                  [33mclass[39m=[32m"btn btn-primary h-14"[39m
                [36m>[39m
                  [0mNext[0m
                  [36m<span[39m
                    [33mclass[39m=[32m"material-symbols-outlined"[39m
                  [36m>[39m
                    [0marrow_forward[0m
                  [36m</span>[39m
                [36m</button>[39m
              [36m</div>[39m
            [36m</div>[39m
          [36m</div>[39m
        [36m</div>[39m
      [36m</div>[39m
    [36m</div>[39m
  [36m</body>[39m
[36m</html>[39m

[32m- Expected[39m
[31m+ Received[39m

[32m- true[39m
[31m+ false[39m

[36m [2mΓ¥»[22m src/__tests__/routes.test.jsx:[2m49:68[22m[39m
    [90m 47| [39m                [34mexpect[39m(document[33m.[39mbody[33m.[39mtextConten
t[33m.[39m[34mincludes[39m([32m'Signup'[39m) [33m||[39m
    [90m 48| [39m                    
document[33m.[39mbody[33m.[39mtextContent[33m.[39m[34mincludes[39m([32m'Sign'[39m) 
[33m||[39m
    [90m 49| [39m                    document.body.textContent.includes('αñ╕αñ╛αñçαñ¿ 
αñàαñ¬')).toBΓÇª
    [90m   | [39m                                                                   
[31m^[39m
    [90m 50| [39m            })[33m;[39m
    [90m 51| [39m        })[33m;[39m
[90m [2mΓ¥»[22m runWithExpensiveErrorDiagnosticsDisabled 
node_modules/@testing-library/dom/dist/config.js:[2m47:12[22m[39m
[90m [2mΓ¥»[22m checkCallback 
node_modules/@testing-library/dom/dist/wait-for.js:[2m124:77[22m[39m
[90m [2mΓ¥»[22m Timeout.checkRealTimersCallback 
node_modules/@testing-library/dom/dist/wait-for.js:[2m118:16[22m[39m

[31m[2mΓÄ»ΓÄ»ΓÄ»ΓÄ»ΓÄ»ΓÄ»ΓÄ»ΓÄ»ΓÄ»ΓÄ»ΓÄ»ΓÄ»ΓÄ»ΓÄ»ΓÄ»ΓÄ»ΓÄ»ΓÄ»ΓÄ»ΓÄ»ΓÄ»ΓÄ»ΓÄ»[1/13]ΓÄ»[22m[39
m

[41m[1m FAIL [22m[49m src/__tests__/routes.test.jsx[2m > [22mRoute Tests[2m > 
[22mProtected Routes - Authenticated Access[2m > [22mshould redirect / to /dashboard when 
authenticated
[31m[1mAssertionError[22m[39m: expected '/login' to be '/dashboard' // Object.is equality

Ignored nodes: comments, script, style
[36m<html>[39m
  [36m<head />[39m
  [36m<body>[39m
    [36m<div>[39m
      [36m<div[39m
        [33mclass[39m=[32m"min-h-screen bg-base-200"[39m
        [33mdata-theme[39m=[32m"lemonade"[39m
      [36m>[39m
        [36m<div[39m
          [33mclass[39m=[32m"min-h-screen bg-base-200 flex items-center justify-center 
p-4"[39m
          [33mdata-theme[39m=[32m"lemonade"[39m
        [36m>[39m
          [36m<div[39m
            [33mclass[39m=[32m"card w-full max-w-md bg-base-100 shadow-xl border 
border-base-300"[39m
          [36m>[39m
            [36m<div[39m
              [33mclass[39m=[32m"card-body p-6 sm:p-8"[39m
            [36m>[39m
              [36m<div[39m
                [33mclass[39m=[32m"text-center mb-8"[39m
              [36m>[39m
                [36m<div[39m
                  [33mclass[39m=[32m"inline-flex items-center justify-center w-14 h-14 
rounded-full bg-primary/10 mb-3"[39m
                [36m>[39m
                  [36m<span[39m
                    [33mclass[39m=[32m"material-symbols-outlined text-4xl text-primary"[39m
                  [36m>[39m
                    [0mlock_open[0m
                  [36m</span>[39m
                [36m</div>[39m
                [36m<h2[39m
                  [33mclass[39m=[32m"text-2xl font-black text-base-content 
leading-tight"[39m
                [36m>[39m
                  [0mLogin to Your Account[0m
                [36m</h2>[39m
              [36m</div>[39m
              [36m<form[39m
                [33mclass[39m=[32m"space-y-5"[39m
              [36m>[39m
                [36m<div[39m
                  [33mclass[39m=[32m"form-control"[39m
                [36m>[39m
                  [36m<label[39m
                    [33mclass[39m=[32m"label py-1"[39m
                    [33mfor[39m=[32m"phone"[39m
                  [36m>[39m
                    [36m<span[39m
                      [33mclass[39m=[32m"label-text font-bold flex items-center gap-2"[39m
                    [36m>[39m
                      [36m<span[39m
                        [33mclass[39m=[32m"material-symbols-outlined text-sm"[39m
                      [36m>[39m
                        [0mcall[0m
                      [36m</span>[39m
                      [0mPhone Number[0m
                    [36m</span>[39m
                  [36m</label>[39m
                  [36m<div[39m
                    [33mclass[39m=[32m"relative"[39m
                  [36m>[39m
                    [36m<input[39m
                      [33mclass[39m=[32m"input input-bordered w-full h-12 "[39m
                      [33mid[39m=[32m"phone"[39m
                      [33mmaxlength[39m=[32m"10"[39m
                      [33mname[39m=[32m"phone"[39m
                      [33mplaceholder[39m=[32m"Enter your phone number"[39m
                      [33mtype[39m=[32m"tel"[39m
                      [33mvalue[39m=[32m""[39m
                    [36m/>[39m
                  [36m</div>[39m
                [36m</div>[39m
                [36m<div[39m
                  [33mclass[39m=[32m"form-control"[39m
                [36m>[39m
                  [36m<label[39m
                    [33mclass[39m=[32m"label py-1"[39m
                    [33mfor[39m=[32m"password"[39m
                  [36m>[39m
                    [36m<span[39m
                      [33mclass[39m=[32m"label-text font-bold flex items-center gap-2"[39m
                    [36m>[39m
                      [36m<span[39m
                        [33mclass[39m=[32m"material-symbols-outlined text-sm"[39m
                      [36m>[39m
                        [0mkey[0m
                      [36m</span>[39m
                      [0mPassword[0m
                    [36m</span>[39m
                  [36m</label>[39m
                  [36m<div[39m
                    [33mclass[39m=[32m"relative"[39m
                  [36m>[39m
                    [36m<input[39m
                      [33mclass[39m=[32m"input input-bordered w-full h-12 pr-12 "[39m
                      [33mid[39m=[32m"password"[39m
                      [33mname[39m=[32m"password"[39m
                      [33mplaceholder[39m=[32m"Enter your password"[39m
                      [33mtype[39m=[32m"password"[39m
                      [33mvalue[39m=[32m""[39m
                    [36m/>[39m
                    [36m<button[39m
                      [33mclass[39m=[32m"absolute right-3 top-1/2 -translate-y-1/2 
text-base-content/40 hover:text-primary transition-colors"[39m
                      [33mtype[39m=[32m"button"[39m
                    [36m>[39m
                      [36m<span[39m
                        [33mclass[39m=[32m"material-symbols-outlined"[39m
                      [36m>[39m
                        [0mvisibility[0m
                      [36m</span>[39m
                    [36m</button>[39m
                  [36m</div>[39m
                [36m</div>[39m
                [36m<button[39m
                  [33mclass[39m=[32m"btn btn-primary w-full h-12 text-lg font-bold 
shadow-md"[39m
                  [33mtype[39m=[32m"submit"[39m
                [36m>[39m
                  [36m<span[39m
                    [33mclass[39m=[32m"material-symbols-outlined"[39m
                  [36m>[39m
                    [0mlogin[0m
                  [36m</span>[39m
                  [0mLogin[0m
                [36m</button>[39m
              [36m</form>[39m
              [36m<div[39m
                [33mclass[39m=[32m"mt-8 space-y-3"[39m
              [36m>[39m
                [36m<div[39m
                  [33mclass[39m=[32m"divider text-[10px] uppercase font-bold opacity-30"[39m
                [36m>[39m
                  [0mOther Methods[0m
                [36m</div>[39m
                [36m<button[39m
                  [33mclass[39m=[32m"btn btn-outline btn-secondary w-full h-12 gap-3"[39m
                [36m>[39m
                  [36m<span[39m
                    [33mclass[39m=[32m"material-symbols-outlined"[39m
                  [36m>[39m
                    [0mpasskey[0m
                  [36m</span>[39m
                  [0mLogin with Passkey[0m
                [36m</button>[39m
                [36m<button[39m
                  [33mclass[39m=[32m"btn btn-ghost btn-sm w-full opacity-60 
hover:opacity-100"[39m
                [36m>[39m
                  [36m<span[39m
                    [33mclass[39m=[32m"material-symbols-outlined text-sm"[39m
                  [36m>[39m
                    [0marrow_back[0m
                  [36m</span>[39m
                  [0mBack to Options[0m
                [36m</button>[39m
              [36m</div>[39m
              [36m<div[39m
                [33mclass[39m=[32m"mt-8 text-center pt-6 border-t border-base-200"[39m
              [36m>[39m
                [36m<p[39m
                  [33mclass[39m=[32m"text-sm opacity-70"[39m
                [36m>[39m
                  [0mDon't have an account?[0m
                  [0m [0m
                  [36m<button[39m
                    [33mclass[39m=[32m"font-bold text-primary hover:link"[39m
                  [36m>[39m
                    [0mSign up now[0m
                  [36m</button>[39m
                [36m</p>[39m
              [36m</div>[39m
            [36m</div>[39m
          [36m</div>[39m
        [36m</div>[39m
      [36m</div>[39m
    [36m</div>[39m
  [36m</body>[39m
[36m</html>[39m

Expected: [32m"/[7mdashboard[27m"[39m
Received: [31m"/[7mlogin[27m"[39m

[36m [2mΓ¥»[22m timeout src/__tests__/routes.test.jsx:[2m116:50[22m[39m
    [90m114| [39m
    [90m115| [39m            [35mawait[39m [34mwaitFor[39m(() [33m=>[39m {
    [90m116| [39m                [34mexpect[39m(window[33m.[39mlocation[33m.[39mpathname
)[33m.[39m[34mtoBe[39m([32m'/dashboard'[39m)[33m;[39m
    [90m   | [39m                                                 [31m^[39m
    [90m117| [39m            }[33m,[39m { timeout[33m:[39m [34m3000[39m })[33m;[39m
    [90m118| [39m        })[33m;[39m
[90m [2mΓ¥»[22m runWithExpensiveErrorDiagnosticsDisabled 
node_modules/@testing-library/dom/dist/config.js:[2m47:12[22m[39m
[90m [2mΓ¥»[22m checkCallback 
node_modules/@testing-library/dom/dist/wait-for.js:[2m124:77[22m[39m
[90m [2mΓ¥»[22m Timeout.checkRealTimersCallback 
node_modules/@testing-library/dom/dist/wait-for.js:[2m118:16[22m[39m

[31m[2mΓÄ»ΓÄ»ΓÄ»ΓÄ»ΓÄ»ΓÄ»ΓÄ»ΓÄ»ΓÄ»ΓÄ»ΓÄ»ΓÄ»ΓÄ»ΓÄ»ΓÄ»ΓÄ»ΓÄ»ΓÄ»ΓÄ»ΓÄ»ΓÄ»ΓÄ»ΓÄ»[2/13]ΓÄ»[22m[39
m

[41m[1m FAIL [22m[49m src/__tests__/routes.test.jsx[2m > [22mRoute Tests[2m > 
[22mProtected Routes - Authenticated Access[2m > [22mshould render dashboard at /dashboard 
when authenticated
[31m[1mAssertionError[22m[39m: expected '/login' to be '/dashboard' // Object.is equality

Ignored nodes: comments, script, style
[36m<html>[39m
  [36m<head />[39m
  [36m<body>[39m
    [36m<div>[39m
      [36m<div[39m
        [33mclass[39m=[32m"min-h-screen bg-base-200"[39m
        [33mdata-theme[39m=[32m"lemonade"[39m
      [36m>[39m
        [36m<div[39m
          [33mclass[39m=[32m"min-h-screen bg-base-200 flex items-center justify-center 
p-4"[39m
          [33mdata-theme[39m=[32m"lemonade"[39m
        [36m>[39m
          [36m<div[39m
            [33mclass[39m=[32m"card w-full max-w-md bg-base-100 shadow-xl border 
border-base-300"[39m
          [36m>[39m
            [36m<div[39m
              [33mclass[39m=[32m"card-body p-6 sm:p-8"[39m
            [36m>[39m
              [36m<div[39m
                [33mclass[39m=[32m"text-center mb-8"[39m
              [36m>[39m
                [36m<div[39m
                  [33mclass[39m=[32m"inline-flex items-center justify-center w-14 h-14 
rounded-full bg-primary/10 mb-3"[39m
                [36m>[39m
                  [36m<span[39m
                    [33mclass[39m=[32m"material-symbols-outlined text-4xl text-primary"[39m
                  [36m>[39m
                    [0mlock_open[0m
                  [36m</span>[39m
                [36m</div>[39m
                [36m<h2[39m
                  [33mclass[39m=[32m"text-2xl font-black text-base-content 
leading-tight"[39m
                [36m>[39m
                  [0mLogin to Your Account[0m
                [36m</h2>[39m
              [36m</div>[39m
              [36m<form[39m
                [33mclass[39m=[32m"space-y-5"[39m
              [36m>[39m
                [36m<div[39m
                  [33mclass[39m=[32m"form-control"[39m
                [36m>[39m
                  [36m<label[39m
                    [33mclass[39m=[32m"label py-1"[39m
                    [33mfor[39m=[32m"phone"[39m
                  [36m>[39m
                    [36m<span[39m
                      [33mclass[39m=[32m"label-text font-bold flex items-center gap-2"[39m
                    [36m>[39m
                      [36m<span[39m
                        [33mclass[39m=[32m"material-symbols-outlined text-sm"[39m
                      [36m>[39m
                        [0mcall[0m
                      [36m</span>[39m
                      [0mPhone Number[0m
                    [36m</span>[39m
                  [36m</label>[39m
                  [36m<div[39m
                    [33mclass[39m=[32m"relative"[39m
                  [36m>[39m
                    [36m<input[39m
                      [33mclass[39m=[32m"input input-bordered w-full h-12 "[39m
                      [33mid[39m=[32m"phone"[39m
                      [33mmaxlength[39m=[32m"10"[39m
                      [33mname[39m=[32m"phone"[39m
                      [33mplaceholder[39m=[32m"Enter your phone number"[39m
                      [33mtype[39m=[32m"tel"[39m
                      [33mvalue[39m=[32m""[39m
                    [36m/>[39m
                  [36m</div>[39m
                [36m</div>[39m
                [36m<div[39m
                  [33mclass[39m=[32m"form-control"[39m
                [36m>[39m
                  [36m<label[39m
                    [33mclass[39m=[32m"label py-1"[39m
                    [33mfor[39m=[32m"password"[39m
                  [36m>[39m
                    [36m<span[39m
                      [33mclass[39m=[32m"label-text font-bold flex items-center gap-2"[39m
                    [36m>[39m
                      [36m<span[39m
                        [33mclass[39m=[32m"material-symbols-outlined text-sm"[39m
                      [36m>[39m
                        [0mkey[0m
                      [36m</span>[39m
                      [0mPassword[0m
                    [36m</span>[39m
                  [36m</label>[39m
                  [36m<div[39m
                    [33mclass[39m=[32m"relative"[39m
                  [36m>[39m
                    [36m<input[39m
                      [33mclass[39m=[32m"input input-bordered w-full h-12 pr-12 "[39m
                      [33mid[39m=[32m"password"[39m
                      [33mname[39m=[32m"password"[39m
                      [33mplaceholder[39m=[32m"Enter your password"[39m
                      [33mtype[39m=[32m"password"[39m
                      [33mvalue[39m=[32m""[39m
                    [36m/>[39m
                    [36m<button[39m
                      [33mclass[39m=[32m"absolute right-3 top-1/2 -translate-y-1/2 
text-base-content/40 hover:text-primary transition-colors"[39m
                      [33mtype[39m=[32m"button"[39m
                    [36m>[39m
                      [36m<span[39m
                        [33mclass[39m=[32m"material-symbols-outlined"[39m
                      [36m>[39m
                        [0mvisibility[0m
                      [36m</span>[39m
                    [36m</button>[39m
                  [36m</div>[39m
                [36m</div>[39m
                [36m<button[39m
                  [33mclass[39m=[32m"btn btn-primary w-full h-12 text-lg font-bold 
shadow-md"[39m
                  [33mtype[39m=[32m"submit"[39m
                [36m>[39m
                  [36m<span[39m
                    [33mclass[39m=[32m"material-symbols-outlined"[39m
                  [36m>[39m
                    [0mlogin[0m
                  [36m</span>[39m
                  [0mLogin[0m
                [36m</button>[39m
              [36m</form>[39m
              [36m<div[39m
                [33mclass[39m=[32m"mt-8 space-y-3"[39m
              [36m>[39m
                [36m<div[39m
                  [33mclass[39m=[32m"divider text-[10px] uppercase font-bold opacity-30"[39m
                [36m>[39m
                  [0mOther Methods[0m
                [36m</div>[39m
                [36m<button[39m
                  [33mclass[39m=[32m"btn btn-outline btn-secondary w-full h-12 gap-3"[39m
                [36m>[39m
                  [36m<span[39m
                    [33mclass[39m=[32m"material-symbols-outlined"[39m
                  [36m>[39m
                    [0mpasskey[0m
                  [36m</span>[39m
                  [0mLogin with Passkey[0m
                [36m</button>[39m
                [36m<button[39m
                  [33mclass[39m=[32m"btn btn-ghost btn-sm w-full opacity-60 
hover:opacity-100"[39m
                [36m>[39m
                  [36m<span[39m
                    [33mclass[39m=[32m"material-symbols-outlined text-sm"[39m
                  [36m>[39m
                    [0marrow_back[0m
                  [36m</span>[39m
                  [0mBack to Options[0m
                [36m</button>[39m
              [36m</div>[39m
              [36m<div[39m
                [33mclass[39m=[32m"mt-8 text-center pt-6 border-t border-base-200"[39m
              [36m>[39m
                [36m<p[39m
                  [33mclass[39m=[32m"text-sm opacity-70"[39m
                [36m>[39m
                  [0mDon't have an account?[0m
                  [0m [0m
                  [36m<button[39m
                    [33mclass[39m=[32m"font-bold text-primary hover:link"[39m
                  [36m>[39m
                    [0mSign up now[0m
                  [36m</button>[39m
                [36m</p>[39m
              [36m</div>[39m
            [36m</div>[39m
          [36m</div>[39m
        [36m</div>[39m
      [36m</div>[39m
    [36m</div>[39m
  [36m</body>[39m
[36m</html>[39m

Expected: [32m"/[7mdashboard[27m"[39m
Received: [31m"/[7mlogin[27m"[39m

[36m [2mΓ¥»[22m timeout src/__tests__/routes.test.jsx:[2m129:50[22m[39m
    [90m127| [39m            [35mawait[39m [34mwaitFor[39m(() [33m=>[39m {
    [90m128| [39m                [90m// Should stay on dashboard[39m
    [90m129| [39m                [34mexpect[39m(window[33m.[39mlocation[33m.[39mpathname
)[33m.[39m[34mtoBe[39m([32m'/dashboard'[39m)[33m;[39m
    [90m   | [39m                                                 [31m^[39m
    [90m130| [39m                // Layout should render (look for common layout elemenΓÇª
    [90m131| [39m                
[34mexpect[39m(document[33m.[39mbody)[33m.[39m[34mtoBeTruthy[39m()[33m;[39m
[90m [2mΓ¥»[22m runWithExpensiveErrorDiagnosticsDisabled 
node_modules/@testing-library/dom/dist/config.js:[2m47:12[22m[39m
[90m [2mΓ¥»[22m checkCallback 
node_modules/@testing-library/dom/dist/wait-for.js:[2m124:77[22m[39m
[90m [2mΓ¥»[22m Timeout.checkRealTimersCallback 
node_modules/@testing-library/dom/dist/wait-for.js:[2m118:16[22m[39m

[31m[2mΓÄ»ΓÄ»ΓÄ»ΓÄ»ΓÄ»ΓÄ»ΓÄ»ΓÄ»ΓÄ»ΓÄ»ΓÄ»ΓÄ»ΓÄ»ΓÄ»ΓÄ»ΓÄ»ΓÄ»ΓÄ»ΓÄ»ΓÄ»ΓÄ»ΓÄ»ΓÄ»[3/13]ΓÄ»[22m[39
m

[41m[1m FAIL [22m[49m src/__tests__/routes.test.jsx[2m > [22mRoute Tests[2m > 
[22mProtected Routes - Authenticated Access[2m > [22mshould render crops page at /crops when 
authenticated
[31m[1mAssertionError[22m[39m: expected '/login' to be '/crops' // Object.is equality

Ignored nodes: comments, script, style
[36m<html>[39m
  [36m<head />[39m
  [36m<body>[39m
    [36m<div>[39m
      [36m<div[39m
        [33mclass[39m=[32m"min-h-screen bg-base-200"[39m
        [33mdata-theme[39m=[32m"lemonade"[39m
      [36m>[39m
        [36m<div[39m
          [33mclass[39m=[32m"min-h-screen bg-base-200 flex items-center justify-center 
p-4"[39m
          [33mdata-theme[39m=[32m"lemonade"[39m
        [36m>[39m
          [36m<div[39m
            [33mclass[39m=[32m"card w-full max-w-md bg-base-100 shadow-xl border 
border-base-300"[39m
          [36m>[39m
            [36m<div[39m
              [33mclass[39m=[32m"card-body p-6 sm:p-8"[39m
            [36m>[39m
              [36m<div[39m
                [33mclass[39m=[32m"text-center mb-8"[39m
              [36m>[39m
                [36m<div[39m
                  [33mclass[39m=[32m"inline-flex items-center justify-center w-14 h-14 
rounded-full bg-primary/10 mb-3"[39m
                [36m>[39m
                  [36m<span[39m
                    [33mclass[39m=[32m"material-symbols-outlined text-4xl text-primary"[39m
                  [36m>[39m
                    [0mlock_open[0m
                  [36m</span>[39m
                [36m</div>[39m
                [36m<h2[39m
                  [33mclass[39m=[32m"text-2xl font-black text-base-content 
leading-tight"[39m
                [36m>[39m
                  [0mLogin to Your Account[0m
                [36m</h2>[39m
              [36m</div>[39m
              [36m<form[39m
                [33mclass[39m=[32m"space-y-5"[39m
              [36m>[39m
                [36m<div[39m
                  [33mclass[39m=[32m"form-control"[39m
                [36m>[39m
                  [36m<label[39m
                    [33mclass[39m=[32m"label py-1"[39m
                    [33mfor[39m=[32m"phone"[39m
                  [36m>[39m
                    [36m<span[39m
                      [33mclass[39m=[32m"label-text font-bold flex items-center gap-2"[39m
                    [36m>[39m
                      [36m<span[39m
                        [33mclass[39m=[32m"material-symbols-outlined text-sm"[39m
                      [36m>[39m
                        [0mcall[0m
                      [36m</span>[39m
                      [0mPhone Number[0m
                    [36m</span>[39m
                  [36m</label>[39m
                  [36m<div[39m
                    [33mclass[39m=[32m"relative"[39m
                  [36m>[39m
                    [36m<input[39m
                      [33mclass[39m=[32m"input input-bordered w-full h-12 "[39m
                      [33mid[39m=[32m"phone"[39m
                      [33mmaxlength[39m=[32m"10"[39m
                      [33mname[39m=[32m"phone"[39m
                      [33mplaceholder[39m=[32m"Enter your phone number"[39m
                      [33mtype[39m=[32m"tel"[39m
                      [33mvalue[39m=[32m""[39m
                    [36m/>[39m
                  [36m</div>[39m
                [36m</div>[39m
                [36m<div[39m
                  [33mclass[39m=[32m"form-control"[39m
                [36m>[39m
                  [36m<label[39m
                    [33mclass[39m=[32m"label py-1"[39m
                    [33mfor[39m=[32m"password"[39m
                  [36m>[39m
                    [36m<span[39m
                      [33mclass[39m=[32m"label-text font-bold flex items-center gap-2"[39m
                    [36m>[39m
                      [36m<span[39m
                        [33mclass[39m=[32m"material-symbols-outlined text-sm"[39m
                      [36m>[39m
                        [0mkey[0m
                      [36m</span>[39m
                      [0mPassword[0m
                    [36m</span>[39m
                  [36m</label>[39m
                  [36m<div[39m
                    [33mclass[39m=[32m"relative"[39m
                  [36m>[39m
                    [36m<input[39m
                      [33mclass[39m=[32m"input input-bordered w-full h-12 pr-12 "[39m
                      [33mid[39m=[32m"password"[39m
                      [33mname[39m=[32m"password"[39m
                      [33mplaceholder[39m=[32m"Enter your password"[39m
                      [33mtype[39m=[32m"password"[39m
                      [33mvalue[39m=[32m""[39m
                    [36m/>[39m
                    [36m<button[39m
                      [33mclass[39m=[32m"absolute right-3 top-1/2 -translate-y-1/2 
text-base-content/40 hover:text-primary transition-colors"[39m
                      [33mtype[39m=[32m"button"[39m
                    [36m>[39m
                      [36m<span[39m
                        [33mclass[39m=[32m"material-symbols-outlined"[39m
                      [36m>[39m
                        [0mvisibility[0m
                      [36m</span>[39m
                    [36m</button>[39m
                  [36m</div>[39m
                [36m</div>[39m
                [36m<button[39m
                  [33mclass[39m=[32m"btn btn-primary w-full h-12 text-lg font-bold 
shadow-md"[39m
                  [33mtype[39m=[32m"submit"[39m
                [36m>[39m
                  [36m<span[39m
                    [33mclass[39m=[32m"material-symbols-outlined"[39m
                  [36m>[39m
                    [0mlogin[0m
                  [36m</span>[39m
                  [0mLogin[0m
                [36m</button>[39m
              [36m</form>[39m
              [36m<div[39m
                [33mclass[39m=[32m"mt-8 space-y-3"[39m
              [36m>[39m
                [36m<div[39m
                  [33mclass[39m=[32m"divider text-[10px] uppercase font-bold opacity-30"[39m
                [36m>[39m
                  [0mOther Methods[0m
                [36m</div>[39m
                [36m<button[39m
                  [33mclass[39m=[32m"btn btn-outline btn-secondary w-full h-12 gap-3"[39m
                [36m>[39m
                  [36m<span[39m
                    [33mclass[39m=[32m"material-symbols-outlined"[39m
                  [36m>[39m
                    [0mpasskey[0m
                  [36m</span>[39m
                  [0mLogin with Passkey[0m
                [36m</button>[39m
                [36m<button[39m
                  [33mclass[39m=[32m"btn btn-ghost btn-sm w-full opacity-60 
hover:opacity-100"[39m
                [36m>[39m
                  [36m<span[39m
                    [33mclass[39m=[32m"material-symbols-outlined text-sm"[39m
                  [36m>[39m
                    [0marrow_back[0m
                  [36m</span>[39m
                  [0mBack to Options[0m
                [36m</button>[39m
              [36m</div>[39m
              [36m<div[39m
                [33mclass[39m=[32m"mt-8 text-center pt-6 border-t border-base-200"[39m
              [36m>[39m
                [36m<p[39m
                  [33mclass[39m=[32m"text-sm opacity-70"[39m
                [36m>[39m
                  [0mDon't have an account?[0m
                  [0m [0m
                  [36m<button[39m
                    [33mclass[39m=[32m"font-bold text-primary hover:link"[39m
                  [36m>[39m
                    [0mSign up now[0m
                  [36m</button>[39m
                [36m</p>[39m
              [36m</div>[39m
            [36m</div>[39m
          [36m</div>[39m
        [36m</div>[39m
      [36m</div>[39m
    [36m</div>[39m
  [36m</body>[39m
[36m</html>[39m

Expected: [32m"/[7mcrops[27m"[39m
Received: [31m"/[7mlogin[27m"[39m

[36m [2mΓ¥»[22m timeout src/__tests__/routes.test.jsx:[2m143:50[22m[39m
    [90m141| [39m
    [90m142| [39m            [35mawait[39m [34mwaitFor[39m(() [33m=>[39m {
    [90m143| [39m                [34mexpect[39m(window[33m.[39mlocation[33m.[39mpathname
)[33m.[39m[34mtoBe[39m([32m'/crops'[39m)[33m;[39m
    [90m   | [39m                                                 [31m^[39m
    [90m144| [39m            }[33m,[39m { timeout[33m:[39m [34m3000[39m })[33m;[39m
    [90m145| [39m        })[33m;[39m
[90m [2mΓ¥»[22m runWithExpensiveErrorDiagnosticsDisabled 
node_modules/@testing-library/dom/dist/config.js:[2m47:12[22m[39m
[90m [2mΓ¥»[22m checkCallback 
node_modules/@testing-library/dom/dist/wait-for.js:[2m124:77[22m[39m
[90m [2mΓ¥»[22m Timeout.checkRealTimersCallback 
node_modules/@testing-library/dom/dist/wait-for.js:[2m118:16[22m[39m

[31m[2mΓÄ»ΓÄ»ΓÄ»ΓÄ»ΓÄ»ΓÄ»ΓÄ»ΓÄ»ΓÄ»ΓÄ»ΓÄ»ΓÄ»ΓÄ»ΓÄ»ΓÄ»ΓÄ»ΓÄ»ΓÄ»ΓÄ»ΓÄ»ΓÄ»ΓÄ»ΓÄ»[4/13]ΓÄ»[22m[39
m

[41m[1m FAIL [22m[49m src/__tests__/routes.test.jsx[2m > [22mRoute Tests[2m > 
[22mProtected Routes - Authenticated Access[2m > [22mshould render weather page at /weather 
when authenticated
[31m[1mAssertionError[22m[39m: expected '/login' to be '/weather' // Object.is equality

Ignored nodes: comments, script, style
[36m<html>[39m
  [36m<head />[39m
  [36m<body>[39m
    [36m<div>[39m
      [36m<div[39m
        [33mclass[39m=[32m"min-h-screen bg-base-200"[39m
        [33mdata-theme[39m=[32m"lemonade"[39m
      [36m>[39m
        [36m<div[39m
          [33mclass[39m=[32m"min-h-screen bg-base-200 flex items-center justify-center 
p-4"[39m
          [33mdata-theme[39m=[32m"lemonade"[39m
        [36m>[39m
          [36m<div[39m
            [33mclass[39m=[32m"card w-full max-w-md bg-base-100 shadow-xl border 
border-base-300"[39m
          [36m>[39m
            [36m<div[39m
              [33mclass[39m=[32m"card-body p-6 sm:p-8"[39m
            [36m>[39m
              [36m<div[39m
                [33mclass[39m=[32m"text-center mb-8"[39m
              [36m>[39m
                [36m<div[39m
                  [33mclass[39m=[32m"inline-flex items-center justify-center w-14 h-14 
rounded-full bg-primary/10 mb-3"[39m
                [36m>[39m
                  [36m<span[39m
                    [33mclass[39m=[32m"material-symbols-outlined text-4xl text-primary"[39m
                  [36m>[39m
                    [0mlock_open[0m
                  [36m</span>[39m
                [36m</div>[39m
                [36m<h2[39m
                  [33mclass[39m=[32m"text-2xl font-black text-base-content 
leading-tight"[39m
                [36m>[39m
                  [0mLogin to Your Account[0m
                [36m</h2>[39m
              [36m</div>[39m
              [36m<form[39m
                [33mclass[39m=[32m"space-y-5"[39m
              [36m>[39m
                [36m<div[39m
                  [33mclass[39m=[32m"form-control"[39m
                [36m>[39m
                  [36m<label[39m
                    [33mclass[39m=[32m"label py-1"[39m
                    [33mfor[39m=[32m"phone"[39m
                  [36m>[39m
                    [36m<span[39m
                      [33mclass[39m=[32m"label-text font-bold flex items-center gap-2"[39m
                    [36m>[39m
                      [36m<span[39m
                        [33mclass[39m=[32m"material-symbols-outlined text-sm"[39m
                      [36m>[39m
                        [0mcall[0m
                      [36m</span>[39m
                      [0mPhone Number[0m
                    [36m</span>[39m
                  [36m</label>[39m
                  [36m<div[39m
                    [33mclass[39m=[32m"relative"[39m
                  [36m>[39m
                    [36m<input[39m
                      [33mclass[39m=[32m"input input-bordered w-full h-12 "[39m
                      [33mid[39m=[32m"phone"[39m
                      [33mmaxlength[39m=[32m"10"[39m
                      [33mname[39m=[32m"phone"[39m
                      [33mplaceholder[39m=[32m"Enter your phone number"[39m
                      [33mtype[39m=[32m"tel"[39m
                      [33mvalue[39m=[32m""[39m
                    [36m/>[39m
                  [36m</div>[39m
                [36m</div>[39m
                [36m<div[39m
                  [33mclass[39m=[32m"form-control"[39m
                [36m>[39m
                  [36m<label[39m
                    [33mclass[39m=[32m"label py-1"[39m
                    [33mfor[39m=[32m"password"[39m
                  [36m>[39m
                    [36m<span[39m
                      [33mclass[39m=[32m"label-text font-bold flex items-center gap-2"[39m
                    [36m>[39m
                      [36m<span[39m
                        [33mclass[39m=[32m"material-symbols-outlined text-sm"[39m
                      [36m>[39m
                        [0mkey[0m
                      [36m</span>[39m
                      [0mPassword[0m
                    [36m</span>[39m
                  [36m</label>[39m
                  [36m<div[39m
                    [33mclass[39m=[32m"relative"[39m
                  [36m>[39m
                    [36m<input[39m
                      [33mclass[39m=[32m"input input-bordered w-full h-12 pr-12 "[39m
                      [33mid[39m=[32m"password"[39m
                      [33mname[39m=[32m"password"[39m
                      [33mplaceholder[39m=[32m"Enter your password"[39m
                      [33mtype[39m=[32m"password"[39m
                      [33mvalue[39m=[32m""[39m
                    [36m/>[39m
                    [36m<button[39m
                      [33mclass[39m=[32m"absolute right-3 top-1/2 -translate-y-1/2 
text-base-content/40 hover:text-primary transition-colors"[39m
                      [33mtype[39m=[32m"button"[39m
                    [36m>[39m
                      [36m<span[39m
                        [33mclass[39m=[32m"material-symbols-outlined"[39m
                      [36m>[39m
                        [0mvisibility[0m
                      [36m</span>[39m
                    [36m</button>[39m
                  [36m</div>[39m
                [36m</div>[39m
                [36m<button[39m
                  [33mclass[39m=[32m"btn btn-primary w-full h-12 text-lg font-bold 
shadow-md"[39m
                  [33mtype[39m=[32m"submit"[39m
                [36m>[39m
                  [36m<span[39m
                    [33mclass[39m=[32m"material-symbols-outlined"[39m
                  [36m>[39m
                    [0mlogin[0m
                  [36m</span>[39m
                  [0mLogin[0m
                [36m</button>[39m
              [36m</form>[39m
              [36m<div[39m
                [33mclass[39m=[32m"mt-8 space-y-3"[39m
              [36m>[39m
                [36m<div[39m
                  [33mclass[39m=[32m"divider text-[10px] uppercase font-bold opacity-30"[39m
                [36m>[39m
                  [0mOther Methods[0m
                [36m</div>[39m
                [36m<button[39m
                  [33mclass[39m=[32m"btn btn-outline btn-secondary w-full h-12 gap-3"[39m
                [36m>[39m
                  [36m<span[39m
                    [33mclass[39m=[32m"material-symbols-outlined"[39m
                  [36m>[39m
                    [0mpasskey[0m
                  [36m</span>[39m
                  [0mLogin with Passkey[0m
                [36m</button>[39m
                [36m<button[39m
                  [33mclass[39m=[32m"btn btn-ghost btn-sm w-full opacity-60 
hover:opacity-100"[39m
                [36m>[39m
                  [36m<span[39m
                    [33mclass[39m=[32m"material-symbols-outlined text-sm"[39m
                  [36m>[39m
                    [0marrow_back[0m
                  [36m</span>[39m
                  [0mBack to Options[0m
                [36m</button>[39m
              [36m</div>[39m
              [36m<div[39m
                [33mclass[39m=[32m"mt-8 text-center pt-6 border-t border-base-200"[39m
              [36m>[39m
                [36m<p[39m
                  [33mclass[39m=[32m"text-sm opacity-70"[39m
                [36m>[39m
                  [0mDon't have an account?[0m
                  [0m [0m
                  [36m<button[39m
                    [33mclass[39m=[32m"font-bold text-primary hover:link"[39m
                  [36m>[39m
                    [0mSign up now[0m
                  [36m</button>[39m
                [36m</p>[39m
              [36m</div>[39m
            [36m</div>[39m
          [36m</div>[39m
        [36m</div>[39m
      [36m</div>[39m
    [36m</div>[39m
  [36m</body>[39m
[36m</html>[39m

Expected: [32m"/[7mweather[27m"[39m
Received: [31m"/[7mlogin[27m"[39m

[36m [2mΓ¥»[22m timeout src/__tests__/routes.test.jsx:[2m155:50[22m[39m
    [90m153| [39m
    [90m154| [39m            [35mawait[39m [34mwaitFor[39m(() [33m=>[39m {
    [90m155| [39m                [34mexpect[39m(window[33m.[39mlocation[33m.[39mpathname
)[33m.[39m[34mtoBe[39m([32m'/weather'[39m)[33m;[39m
    [90m   | [39m                                                 [31m^[39m
    [90m156| [39m            }[33m,[39m { timeout[33m:[39m [34m3000[39m })[33m;[39m
    [90m157| [39m        })[33m;[39m
[90m [2mΓ¥»[22m runWithExpensiveErrorDiagnosticsDisabled 
node_modules/@testing-library/dom/dist/config.js:[2m47:12[22m[39m
[90m [2mΓ¥»[22m checkCallback 
node_modules/@testing-library/dom/dist/wait-for.js:[2m124:77[22m[39m
[90m [2mΓ¥»[22m Timeout.checkRealTimersCallback 
node_modules/@testing-library/dom/dist/wait-for.js:[2m118:16[22m[39m

[31m[2mΓÄ»ΓÄ»ΓÄ»ΓÄ»ΓÄ»ΓÄ»ΓÄ»ΓÄ»ΓÄ»ΓÄ»ΓÄ»ΓÄ»ΓÄ»ΓÄ»ΓÄ»ΓÄ»ΓÄ»ΓÄ»ΓÄ»ΓÄ»ΓÄ»ΓÄ»ΓÄ»[5/13]ΓÄ»[22m[39
m

[41m[1m FAIL [22m[49m src/__tests__/routes.test.jsx[2m > [22mRoute Tests[2m > 
[22mProtected Routes - Authenticated Access[2m > [22mshould render analytics (market prices) 
page at /analytics when authenticated
[31m[1mAssertionError[22m[39m: expected '/login' to be '/analytics' // Object.is equality

Ignored nodes: comments, script, style
[36m<html>[39m
  [36m<head />[39m
  [36m<body>[39m
    [36m<div>[39m
      [36m<div[39m
        [33mclass[39m=[32m"min-h-screen bg-base-200"[39m
        [33mdata-theme[39m=[32m"lemonade"[39m
      [36m>[39m
        [36m<div[39m
          [33mclass[39m=[32m"min-h-screen bg-base-200 flex items-center justify-center 
p-4"[39m
          [33mdata-theme[39m=[32m"lemonade"[39m
        [36m>[39m
          [36m<div[39m
            [33mclass[39m=[32m"card w-full max-w-md bg-base-100 shadow-xl border 
border-base-300"[39m
          [36m>[39m
            [36m<div[39m
              [33mclass[39m=[32m"card-body p-6 sm:p-8"[39m
            [36m>[39m
              [36m<div[39m
                [33mclass[39m=[32m"text-center mb-8"[39m
              [36m>[39m
                [36m<div[39m
                  [33mclass[39m=[32m"inline-flex items-center justify-center w-14 h-14 
rounded-full bg-primary/10 mb-3"[39m
                [36m>[39m
                  [36m<span[39m
                    [33mclass[39m=[32m"material-symbols-outlined text-4xl text-primary"[39m
                  [36m>[39m
                    [0mlock_open[0m
                  [36m</span>[39m
                [36m</div>[39m
                [36m<h2[39m
                  [33mclass[39m=[32m"text-2xl font-black text-base-content 
leading-tight"[39m
                [36m>[39m
                  [0mLogin to Your Account[0m
                [36m</h2>[39m
              [36m</div>[39m
              [36m<form[39m
                [33mclass[39m=[32m"space-y-5"[39m
              [36m>[39m
                [36m<div[39m
                  [33mclass[39m=[32m"form-control"[39m
                [36m>[39m
                  [36m<label[39m
                    [33mclass[39m=[32m"label py-1"[39m
                    [33mfor[39m=[32m"phone"[39m
                  [36m>[39m
                    [36m<span[39m
                      [33mclass[39m=[32m"label-text font-bold flex items-center gap-2"[39m
                    [36m>[39m
                      [36m<span[39m
                        [33mclass[39m=[32m"material-symbols-outlined text-sm"[39m
                      [36m>[39m
                        [0mcall[0m
                      [36m</span>[39m
                      [0mPhone Number[0m
                    [36m</span>[39m
                  [36m</label>[39m
                  [36m<div[39m
                    [33mclass[39m=[32m"relative"[39m
                  [36m>[39m
                    [36m<input[39m
                      [33mclass[39m=[32m"input input-bordered w-full h-12 "[39m
                      [33mid[39m=[32m"phone"[39m
                      [33mmaxlength[39m=[32m"10"[39m
                      [33mname[39m=[32m"phone"[39m
                      [33mplaceholder[39m=[32m"Enter your phone number"[39m
                      [33mtype[39m=[32m"tel"[39m
                      [33mvalue[39m=[32m""[39m
                    [36m/>[39m
                  [36m</div>[39m
                [36m</div>[39m
                [36m<div[39m
                  [33mclass[39m=[32m"form-control"[39m
                [36m>[39m
                  [36m<label[39m
                    [33mclass[39m=[32m"label py-1"[39m
                    [33mfor[39m=[32m"password"[39m
                  [36m>[39m
                    [36m<span[39m
                      [33mclass[39m=[32m"label-text font-bold flex items-center gap-2"[39m
                    [36m>[39m
                      [36m<span[39m
                        [33mclass[39m=[32m"material-symbols-outlined text-sm"[39m
                      [36m>[39m
                        [0mkey[0m
                      [36m</span>[39m
                      [0mPassword[0m
                    [36m</span>[39m
                  [36m</label>[39m
                  [36m<div[39m
                    [33mclass[39m=[32m"relative"[39m
                  [36m>[39m
                    [36m<input[39m
                      [33mclass[39m=[32m"input input-bordered w-full h-12 pr-12 "[39m
                      [33mid[39m=[32m"password"[39m
                      [33mname[39m=[32m"password"[39m
                      [33mplaceholder[39m=[32m"Enter your password"[39m
                      [33mtype[39m=[32m"password"[39m
                      [33mvalue[39m=[32m""[39m
                    [36m/>[39m
                    [36m<button[39m
                      [33mclass[39m=[32m"absolute right-3 top-1/2 -translate-y-1/2 
text-base-content/40 hover:text-primary transition-colors"[39m
                      [33mtype[39m=[32m"button"[39m
                    [36m>[39m
                      [36m<span[39m
                        [33mclass[39m=[32m"material-symbols-outlined"[39m
                      [36m>[39m
                        [0mvisibility[0m
                      [36m</span>[39m
                    [36m</button>[39m
                  [36m</div>[39m
                [36m</div>[39m
                [36m<button[39m
                  [33mclass[39m=[32m"btn btn-primary w-full h-12 text-lg font-bold 
shadow-md"[39m
                  [33mtype[39m=[32m"submit"[39m
                [36m>[39m
                  [36m<span[39m
                    [33mclass[39m=[32m"material-symbols-outlined"[39m
                  [36m>[39m
                    [0mlogin[0m
                  [36m</span>[39m
                  [0mLogin[0m
                [36m</button>[39m
              [36m</form>[39m
              [36m<div[39m
                [33mclass[39m=[32m"mt-8 space-y-3"[39m
              [36m>[39m
                [36m<div[39m
                  [33mclass[39m=[32m"divider text-[10px] uppercase font-bold opacity-30"[39m
                [36m>[39m
                  [0mOther Methods[0m
                [36m</div>[39m
                [36m<button[39m
                  [33mclass[39m=[32m"btn btn-outline btn-secondary w-full h-12 gap-3"[39m
                [36m>[39m
                  [36m<span[39m
                    [33mclass[39m=[32m"material-symbols-outlined"[39m
                  [36m>[39m
                    [0mpasskey[0m
                  [36m</span>[39m
                  [0mLogin with Passkey[0m
                [36m</button>[39m
                [36m<button[39m
                  [33mclass[39m=[32m"btn btn-ghost btn-sm w-full opacity-60 
hover:opacity-100"[39m
                [36m>[39m
                  [36m<span[39m
                    [33mclass[39m=[32m"material-symbols-outlined text-sm"[39m
                  [36m>[39m
                    [0marrow_back[0m
                  [36m</span>[39m
                  [0mBack to Options[0m
                [36m</button>[39m
              [36m</div>[39m
              [36m<div[39m
                [33mclass[39m=[32m"mt-8 text-center pt-6 border-t border-base-200"[39m
              [36m>[39m
                [36m<p[39m
                  [33mclass[39m=[32m"text-sm opacity-70"[39m
                [36m>[39m
                  [0mDon't have an account?[0m
                  [0m [0m
                  [36m<button[39m
                    [33mclass[39m=[32m"font-bold text-primary hover:link"[39m
                  [36m>[39m
                    [0mSign up now[0m
                  [36m</button>[39m
                [36m</p>[39m
              [36m</div>[39m
            [36m</div>[39m
          [36m</div>[39m
        [36m</div>[39m
      [36m</div>[39m
    [36m</div>[39m
  [36m</body>[39m
[36m</html>[39m

Expected: [32m"/[7manalytics[27m"[39m
Received: [31m"/[7mlogin[27m"[39m

[36m [2mΓ¥»[22m timeout src/__tests__/routes.test.jsx:[2m167:50[22m[39m
    [90m165| [39m
    [90m166| [39m            [35mawait[39m [34mwaitFor[39m(() [33m=>[39m {
    [90m167| [39m                [34mexpect[39m(window[33m.[39mlocation[33m.[39mpathname
)[33m.[39m[34mtoBe[39m([32m'/analytics'[39m)[33m;[39m
    [90m   | [39m                                                 [31m^[39m
    [90m168| [39m            }[33m,[39m { timeout[33m:[39m [34m3000[39m })[33m;[39m
    [90m169| [39m        })[33m;[39m
[90m [2mΓ¥»[22m runWithExpensiveErrorDiagnosticsDisabled 
node_modules/@testing-library/dom/dist/config.js:[2m47:12[22m[39m
[90m [2mΓ¥»[22m checkCallback 
node_modules/@testing-library/dom/dist/wait-for.js:[2m124:77[22m[39m
[90m [2mΓ¥»[22m Timeout.checkRealTimersCallback 
node_modules/@testing-library/dom/dist/wait-for.js:[2m118:16[22m[39m

[31m[2mΓÄ»ΓÄ»ΓÄ»ΓÄ»ΓÄ»ΓÄ»ΓÄ»ΓÄ»ΓÄ»ΓÄ»ΓÄ»ΓÄ»ΓÄ»ΓÄ»ΓÄ»ΓÄ»ΓÄ»ΓÄ»ΓÄ»ΓÄ»ΓÄ»ΓÄ»ΓÄ»[6/13]ΓÄ»[22m[39
m

[41m[1m FAIL [22m[49m src/__tests__/routes.test.jsx[2m > [22mRoute Tests[2m > 
[22mProtected Routes - Authenticated Access[2m > [22mshould render disease detector page at 
/disease-detector when authenticated
[31m[1mAssertionError[22m[39m: expected '/login' to be '/disease-detector' // Object.is 
equality

Ignored nodes: comments, script, style
[36m<html>[39m
  [36m<head />[39m
  [36m<body>[39m
    [36m<div>[39m
      [36m<div[39m
        [33mclass[39m=[32m"min-h-screen bg-base-200"[39m
        [33mdata-theme[39m=[32m"lemonade"[39m
      [36m>[39m
        [36m<div[39m
          [33mclass[39m=[32m"min-h-screen bg-base-200 flex items-center justify-center 
p-4"[39m
          [33mdata-theme[39m=[32m"lemonade"[39m
        [36m>[39m
          [36m<div[39m
            [33mclass[39m=[32m"card w-full max-w-md bg-base-100 shadow-xl border 
border-base-300"[39m
          [36m>[39m
            [36m<div[39m
              [33mclass[39m=[32m"card-body p-6 sm:p-8"[39m
            [36m>[39m
              [36m<div[39m
                [33mclass[39m=[32m"text-center mb-8"[39m
              [36m>[39m
                [36m<div[39m
                  [33mclass[39m=[32m"inline-flex items-center justify-center w-14 h-14 
rounded-full bg-primary/10 mb-3"[39m
                [36m>[39m
                  [36m<span[39m
                    [33mclass[39m=[32m"material-symbols-outlined text-4xl text-primary"[39m
                  [36m>[39m
                    [0mlock_open[0m
                  [36m</span>[39m
                [36m</div>[39m
                [36m<h2[39m
                  [33mclass[39m=[32m"text-2xl font-black text-base-content 
leading-tight"[39m
                [36m>[39m
                  [0mLogin to Your Account[0m
                [36m</h2>[39m
              [36m</div>[39m
              [36m<form[39m
                [33mclass[39m=[32m"space-y-5"[39m
              [36m>[39m
                [36m<div[39m
                  [33mclass[39m=[32m"form-control"[39m
                [36m>[39m
                  [36m<label[39m
                    [33mclass[39m=[32m"label py-1"[39m
                    [33mfor[39m=[32m"phone"[39m
                  [36m>[39m
                    [36m<span[39m
                      [33mclass[39m=[32m"label-text font-bold flex items-center gap-2"[39m
                    [36m>[39m
                      [36m<span[39m
                        [33mclass[39m=[32m"material-symbols-outlined text-sm"[39m
                      [36m>[39m
                        [0mcall[0m
                      [36m</span>[39m
                      [0mPhone Number[0m
                    [36m</span>[39m
                  [36m</label>[39m
                  [36m<div[39m
                    [33mclass[39m=[32m"relative"[39m
                  [36m>[39m
                    [36m<input[39m
                      [33mclass[39m=[32m"input input-bordered w-full h-12 "[39m
                      [33mid[39m=[32m"phone"[39m
                      [33mmaxlength[39m=[32m"10"[39m
                      [33mname[39m=[32m"phone"[39m
                      [33mplaceholder[39m=[32m"Enter your phone number"[39m
                      [33mtype[39m=[32m"tel"[39m
                      [33mvalue[39m=[32m""[39m
                    [36m/>[39m
                  [36m</div>[39m
                [36m</div>[39m
                [36m<div[39m
                  [33mclass[39m=[32m"form-control"[39m
                [36m>[39m
                  [36m<label[39m
                    [33mclass[39m=[32m"label py-1"[39m
                    [33mfor[39m=[32m"password"[39m
                  [36m>[39m
                    [36m<span[39m
                      [33mclass[39m=[32m"label-text font-bold flex items-center gap-2"[39m
                    [36m>[39m
                      [36m<span[39m
                        [33mclass[39m=[32m"material-symbols-outlined text-sm"[39m
                      [36m>[39m
                        [0mkey[0m
                      [36m</span>[39m
                      [0mPassword[0m
                    [36m</span>[39m
                  [36m</label>[39m
                  [36m<div[39m
                    [33mclass[39m=[32m"relative"[39m
                  [36m>[39m
                    [36m<input[39m
                      [33mclass[39m=[32m"input input-bordered w-full h-12 pr-12 "[39m
                      [33mid[39m=[32m"password"[39m
                      [33mname[39m=[32m"password"[39m
                      [33mplaceholder[39m=[32m"Enter your password"[39m
                      [33mtype[39m=[32m"password"[39m
                      [33mvalue[39m=[32m""[39m
                    [36m/>[39m
                    [36m<button[39m
                      [33mclass[39m=[32m"absolute right-3 top-1/2 -translate-y-1/2 
text-base-content/40 hover:text-primary transition-colors"[39m
                      [33mtype[39m=[32m"button"[39m
                    [36m>[39m
                      [36m<span[39m
                        [33mclass[39m=[32m"material-symbols-outlined"[39m
                      [36m>[39m
                        [0mvisibility[0m
                      [36m</span>[39m
                    [36m</button>[39m
                  [36m</div>[39m
                [36m</div>[39m
                [36m<button[39m
                  [33mclass[39m=[32m"btn btn-primary w-full h-12 text-lg font-bold 
shadow-md"[39m
                  [33mtype[39m=[32m"submit"[39m
                [36m>[39m
                  [36m<span[39m
                    [33mclass[39m=[32m"material-symbols-outlined"[39m
                  [36m>[39m
                    [0mlogin[0m
                  [36m</span>[39m
                  [0mLogin[0m
                [36m</button>[39m
              [36m</form>[39m
              [36m<div[39m
                [33mclass[39m=[32m"mt-8 space-y-3"[39m
              [36m>[39m
                [36m<div[39m
                  [33mclass[39m=[32m"divider text-[10px] uppercase font-bold opacity-30"[39m
                [36m>[39m
                  [0mOther Methods[0m
                [36m</div>[39m
                [36m<button[39m
                  [33mclass[39m=[32m"btn btn-outline btn-secondary w-full h-12 gap-3"[39m
                [36m>[39m
                  [36m<span[39m
                    [33mclass[39m=[32m"material-symbols-outlined"[39m
                  [36m>[39m
                    [0mpasskey[0m
                  [36m</span>[39m
                  [0mLogin with Passkey[0m
                [36m</button>[39m
                [36m<button[39m
                  [33mclass[39m=[32m"btn btn-ghost btn-sm w-full opacity-60 
hover:opacity-100"[39m
                [36m>[39m
                  [36m<span[39m
                    [33mclass[39m=[32m"material-symbols-outlined text-sm"[39m
                  [36m>[39m
                    [0marrow_back[0m
                  [36m</span>[39m
                  [0mBack to Options[0m
                [36m</button>[39m
              [36m</div>[39m
              [36m<div[39m
                [33mclass[39m=[32m"mt-8 text-center pt-6 border-t border-base-200"[39m
              [36m>[39m
                [36m<p[39m
                  [33mclass[39m=[32m"text-sm opacity-70"[39m
                [36m>[39m
                  [0mDon't have an account?[0m
                  [0m [0m
                  [36m<button[39m
                    [33mclass[39m=[32m"font-bold text-primary hover:link"[39m
                  [36m>[39m
                    [0mSign up now[0m
                  [36m</button>[39m
                [36m</p>[39m
              [36m</div>[39m
            [36m</div>[39m
          [36m</div>[39m
        [36m</div>[39m
      [36m</div>[39m
    [36m</div>[39m
  [36m</body>[39m
[36m</html>[39m

Expected: [32m"/[7mdisease-detector[27m"[39m
Received: [31m"/[7mlogin[27m"[39m

[36m [2mΓ¥»[22m timeout src/__tests__/routes.test.jsx:[2m179:50[22m[39m
    [90m177| [39m
    [90m178| [39m            [35mawait[39m [34mwaitFor[39m(() [33m=>[39m {
    [90m179| [39m                expect(window.location.pathname).toBe('/disease-detectΓÇª
    [90m   | [39m                                                 [31m^[39m
    [90m180| [39m            }[33m,[39m { timeout[33m:[39m [34m3000[39m })[33m;[39m
    [90m181| [39m        })[33m;[39m
[90m [2mΓ¥»[22m runWithExpensiveErrorDiagnosticsDisabled 
node_modules/@testing-library/dom/dist/config.js:[2m47:12[22m[39m
[90m [2mΓ¥»[22m checkCallback 
node_modules/@testing-library/dom/dist/wait-for.js:[2m124:77[22m[39m
[90m [2mΓ¥»[22m Timeout.checkRealTimersCallback 
node_modules/@testing-library/dom/dist/wait-for.js:[2m118:16[22m[39m

[31m[2mΓÄ»ΓÄ»ΓÄ»ΓÄ»ΓÄ»ΓÄ»ΓÄ»ΓÄ»ΓÄ»ΓÄ»ΓÄ»ΓÄ»ΓÄ»ΓÄ»ΓÄ»ΓÄ»ΓÄ»ΓÄ»ΓÄ»ΓÄ»ΓÄ»ΓÄ»ΓÄ»[7/13]ΓÄ»[22m[39
m

[41m[1m FAIL [22m[49m src/__tests__/routes.test.jsx[2m > [22mRoute Tests[2m > 
[22mProtected Routes - Authenticated Access[2m > [22mshould render inventory page at 
/inventory when authenticated
[31m[1mAssertionError[22m[39m: expected '/login' to be '/inventory' // Object.is equality

Ignored nodes: comments, script, style
[36m<html>[39m
  [36m<head />[39m
  [36m<body>[39m
    [36m<div>[39m
      [36m<div[39m
        [33mclass[39m=[32m"min-h-screen bg-base-200"[39m
        [33mdata-theme[39m=[32m"lemonade"[39m
      [36m>[39m
        [36m<div[39m
          [33mclass[39m=[32m"min-h-screen bg-base-200 flex items-center justify-center 
p-4"[39m
          [33mdata-theme[39m=[32m"lemonade"[39m
        [36m>[39m
          [36m<div[39m
            [33mclass[39m=[32m"card w-full max-w-md bg-base-100 shadow-xl border 
border-base-300"[39m
          [36m>[39m
            [36m<div[39m
              [33mclass[39m=[32m"card-body p-6 sm:p-8"[39m
            [36m>[39m
              [36m<div[39m
                [33mclass[39m=[32m"text-center mb-8"[39m
              [36m>[39m
                [36m<div[39m
                  [33mclass[39m=[32m"inline-flex items-center justify-center w-14 h-14 
rounded-full bg-primary/10 mb-3"[39m
                [36m>[39m
                  [36m<span[39m
                    [33mclass[39m=[32m"material-symbols-outlined text-4xl text-primary"[39m
                  [36m>[39m
                    [0mlock_open[0m
                  [36m</span>[39m
                [36m</div>[39m
                [36m<h2[39m
                  [33mclass[39m=[32m"text-2xl font-black text-base-content 
leading-tight"[39m
                [36m>[39m
                  [0mLogin to Your Account[0m
                [36m</h2>[39m
              [36m</div>[39m
              [36m<form[39m
                [33mclass[39m=[32m"space-y-5"[39m
              [36m>[39m
                [36m<div[39m
                  [33mclass[39m=[32m"form-control"[39m
                [36m>[39m
                  [36m<label[39m
                    [33mclass[39m=[32m"label py-1"[39m
                    [33mfor[39m=[32m"phone"[39m
                  [36m>[39m
                    [36m<span[39m
                      [33mclass[39m=[32m"label-text font-bold flex items-center gap-2"[39m
                    [36m>[39m
                      [36m<span[39m
                        [33mclass[39m=[32m"material-symbols-outlined text-sm"[39m
                      [36m>[39m
                        [0mcall[0m
                      [36m</span>[39m
                      [0mPhone Number[0m
                    [36m</span>[39m
                  [36m</label>[39m
                  [36m<div[39m
                    [33mclass[39m=[32m"relative"[39m
                  [36m>[39m
                    [36m<input[39m
                      [33mclass[39m=[32m"input input-bordered w-full h-12 "[39m
                      [33mid[39m=[32m"phone"[39m
                      [33mmaxlength[39m=[32m"10"[39m
                      [33mname[39m=[32m"phone"[39m
                      [33mplaceholder[39m=[32m"Enter your phone number"[39m
                      [33mtype[39m=[32m"tel"[39m
                      [33mvalue[39m=[32m""[39m
                    [36m/>[39m
                  [36m</div>[39m
                [36m</div>[39m
                [36m<div[39m
                  [33mclass[39m=[32m"form-control"[39m
                [36m>[39m
                  [36m<label[39m
                    [33mclass[39m=[32m"label py-1"[39m
                    [33mfor[39m=[32m"password"[39m
                  [36m>[39m
                    [36m<span[39m
                      [33mclass[39m=[32m"label-text font-bold flex items-center gap-2"[39m
                    [36m>[39m
                      [36m<span[39m
                        [33mclass[39m=[32m"material-symbols-outlined text-sm"[39m
                      [36m>[39m
                        [0mkey[0m
                      [36m</span>[39m
                      [0mPassword[0m
                    [36m</span>[39m
                  [36m</label>[39m
                  [36m<div[39m
                    [33mclass[39m=[32m"relative"[39m
                  [36m>[39m
                    [36m<input[39m
                      [33mclass[39m=[32m"input input-bordered w-full h-12 pr-12 "[39m
                      [33mid[39m=[32m"password"[39m
                      [33mname[39m=[32m"password"[39m
                      [33mplaceholder[39m=[32m"Enter your password"[39m
                      [33mtype[39m=[32m"password"[39m
                      [33mvalue[39m=[32m""[39m
                    [36m/>[39m
                    [36m<button[39m
                      [33mclass[39m=[32m"absolute right-3 top-1/2 -translate-y-1/2 
text-base-content/40 hover:text-primary transition-colors"[39m
                      [33mtype[39m=[32m"button"[39m
                    [36m>[39m
                      [36m<span[39m
                        [33mclass[39m=[32m"material-symbols-outlined"[39m
                      [36m>[39m
                        [0mvisibility[0m
                      [36m</span>[39m
                    [36m</button>[39m
                  [36m</div>[39m
                [36m</div>[39m
                [36m<button[39m
                  [33mclass[39m=[32m"btn btn-primary w-full h-12 text-lg font-bold 
shadow-md"[39m
                  [33mtype[39m=[32m"submit"[39m
                [36m>[39m
                  [36m<span[39m
                    [33mclass[39m=[32m"material-symbols-outlined"[39m
                  [36m>[39m
                    [0mlogin[0m
                  [36m</span>[39m
                  [0mLogin[0m
                [36m</button>[39m
              [36m</form>[39m
              [36m<div[39m
                [33mclass[39m=[32m"mt-8 space-y-3"[39m
              [36m>[39m
                [36m<div[39m
                  [33mclass[39m=[32m"divider text-[10px] uppercase font-bold opacity-30"[39m
                [36m>[39m
                  [0mOther Methods[0m
                [36m</div>[39m
                [36m<button[39m
                  [33mclass[39m=[32m"btn btn-outline btn-secondary w-full h-12 gap-3"[39m
                [36m>[39m
                  [36m<span[39m
                    [33mclass[39m=[32m"material-symbols-outlined"[39m
                  [36m>[39m
                    [0mpasskey[0m
                  [36m</span>[39m
                  [0mLogin with Passkey[0m
                [36m</button>[39m
                [36m<button[39m
                  [33mclass[39m=[32m"btn btn-ghost btn-sm w-full opacity-60 
hover:opacity-100"[39m
                [36m>[39m
                  [36m<span[39m
                    [33mclass[39m=[32m"material-symbols-outlined text-sm"[39m
                  [36m>[39m
                    [0marrow_back[0m
                  [36m</span>[39m
                  [0mBack to Options[0m
                [36m</button>[39m
              [36m</div>[39m
              [36m<div[39m
                [33mclass[39m=[32m"mt-8 text-center pt-6 border-t border-base-200"[39m
              [36m>[39m
                [36m<p[39m
                  [33mclass[39m=[32m"text-sm opacity-70"[39m
                [36m>[39m
                  [0mDon't have an account?[0m
                  [0m [0m
                  [36m<button[39m
                    [33mclass[39m=[32m"font-bold text-primary hover:link"[39m
                  [36m>[39m
                    [0mSign up now[0m
                  [36m</button>[39m
                [36m</p>[39m
              [36m</div>[39m
            [36m</div>[39m
          [36m</div>[39m
        [36m</div>[39m
      [36m</div>[39m
    [36m</div>[39m
  [36m</body>[39m
[36m</html>[39m

Expected: [32m"/[7minventory[27m"[39m
Received: [31m"/[7mlogin[27m"[39m

[36m [2mΓ¥»[22m timeout src/__tests__/routes.test.jsx:[2m191:50[22m[39m
    [90m189| [39m
    [90m190| [39m            [35mawait[39m [34mwaitFor[39m(() [33m=>[39m {
    [90m191| [39m                [34mexpect[39m(window[33m.[39mlocation[33m.[39mpathname
)[33m.[39m[34mtoBe[39m([32m'/inventory'[39m)[33m;[39m
    [90m   | [39m                                                 [31m^[39m
    [90m192| [39m            }[33m,[39m { timeout[33m:[39m [34m3000[39m })[33m;[39m
    [90m193| [39m        })[33m;[39m
[90m [2mΓ¥»[22m runWithExpensiveErrorDiagnosticsDisabled 
node_modules/@testing-library/dom/dist/config.js:[2m47:12[22m[39m
[90m [2mΓ¥»[22m checkCallback 
node_modules/@testing-library/dom/dist/wait-for.js:[2m124:77[22m[39m
[90m [2mΓ¥»[22m Timeout.checkRealTimersCallback 
node_modules/@testing-library/dom/dist/wait-for.js:[2m118:16[22m[39m

[31m[2mΓÄ»ΓÄ»ΓÄ»ΓÄ»ΓÄ»ΓÄ»ΓÄ»ΓÄ»ΓÄ»ΓÄ»ΓÄ»ΓÄ»ΓÄ»ΓÄ»ΓÄ»ΓÄ»ΓÄ»ΓÄ»ΓÄ»ΓÄ»ΓÄ»ΓÄ»ΓÄ»[8/13]ΓÄ»[22m[39
m

[41m[1m FAIL [22m[49m src/__tests__/routes.test.jsx[2m > [22mRoute Tests[2m > 
[22mProtected Routes - Authenticated Access[2m > [22mshould render reports (schemes) page at 
/reports when authenticated
[31m[1mAssertionError[22m[39m: expected '/login' to be '/reports' // Object.is equality

Ignored nodes: comments, script, style
[36m<html>[39m
  [36m<head />[39m
  [36m<body>[39m
    [36m<div>[39m
      [36m<div[39m
        [33mclass[39m=[32m"min-h-screen bg-base-200"[39m
        [33mdata-theme[39m=[32m"lemonade"[39m
      [36m>[39m
        [36m<div[39m
          [33mclass[39m=[32m"min-h-screen bg-base-200 flex items-center justify-center 
p-4"[39m
          [33mdata-theme[39m=[32m"lemonade"[39m
        [36m>[39m
          [36m<div[39m
            [33mclass[39m=[32m"card w-full max-w-md bg-base-100 shadow-xl border 
border-base-300"[39m
          [36m>[39m
            [36m<div[39m
              [33mclass[39m=[32m"card-body p-6 sm:p-8"[39m
            [36m>[39m
              [36m<div[39m
                [33mclass[39m=[32m"text-center mb-8"[39m
              [36m>[39m
                [36m<div[39m
                  [33mclass[39m=[32m"inline-flex items-center justify-center w-14 h-14 
rounded-full bg-primary/10 mb-3"[39m
                [36m>[39m
                  [36m<span[39m
                    [33mclass[39m=[32m"material-symbols-outlined text-4xl text-primary"[39m
                  [36m>[39m
                    [0mlock_open[0m
                  [36m</span>[39m
                [36m</div>[39m
                [36m<h2[39m
                  [33mclass[39m=[32m"text-2xl font-black text-base-content 
leading-tight"[39m
                [36m>[39m
                  [0mLogin to Your Account[0m
                [36m</h2>[39m
              [36m</div>[39m
              [36m<form[39m
                [33mclass[39m=[32m"space-y-5"[39m
              [36m>[39m
                [36m<div[39m
                  [33mclass[39m=[32m"form-control"[39m
                [36m>[39m
                  [36m<label[39m
                    [33mclass[39m=[32m"label py-1"[39m
                    [33mfor[39m=[32m"phone"[39m
                  [36m>[39m
                    [36m<span[39m
                      [33mclass[39m=[32m"label-text font-bold flex items-center gap-2"[39m
                    [36m>[39m
                      [36m<span[39m
                        [33mclass[39m=[32m"material-symbols-outlined text-sm"[39m
                      [36m>[39m
                        [0mcall[0m
                      [36m</span>[39m
                      [0mPhone Number[0m
                    [36m</span>[39m
                  [36m</label>[39m
                  [36m<div[39m
                    [33mclass[39m=[32m"relative"[39m
                  [36m>[39m
                    [36m<input[39m
                      [33mclass[39m=[32m"input input-bordered w-full h-12 "[39m
                      [33mid[39m=[32m"phone"[39m
                      [33mmaxlength[39m=[32m"10"[39m
                      [33mname[39m=[32m"phone"[39m
                      [33mplaceholder[39m=[32m"Enter your phone number"[39m
                      [33mtype[39m=[32m"tel"[39m
                      [33mvalue[39m=[32m""[39m
                    [36m/>[39m
                  [36m</div>[39m
                [36m</div>[39m
                [36m<div[39m
                  [33mclass[39m=[32m"form-control"[39m
                [36m>[39m
                  [36m<label[39m
                    [33mclass[39m=[32m"label py-1"[39m
                    [33mfor[39m=[32m"password"[39m
                  [36m>[39m
                    [36m<span[39m
                      [33mclass[39m=[32m"label-text font-bold flex items-center gap-2"[39m
                    [36m>[39m
                      [36m<span[39m
                        [33mclass[39m=[32m"material-symbols-outlined text-sm"[39m
                      [36m>[39m
                        [0mkey[0m
                      [36m</span>[39m
                      [0mPassword[0m
                    [36m</span>[39m
                  [36m</label>[39m
                  [36m<div[39m
                    [33mclass[39m=[32m"relative"[39m
                  [36m>[39m
                    [36m<input[39m
                      [33mclass[39m=[32m"input input-bordered w-full h-12 pr-12 "[39m
                      [33mid[39m=[32m"password"[39m
                      [33mname[39m=[32m"password"[39m
                      [33mplaceholder[39m=[32m"Enter your password"[39m
                      [33mtype[39m=[32m"password"[39m
                      [33mvalue[39m=[32m""[39m
                    [36m/>[39m
                    [36m<button[39m
                      [33mclass[39m=[32m"absolute right-3 top-1/2 -translate-y-1/2 
text-base-content/40 hover:text-primary transition-colors"[39m
                      [33mtype[39m=[32m"button"[39m
                    [36m>[39m
                      [36m<span[39m
                        [33mclass[39m=[32m"material-symbols-outlined"[39m
                      [36m>[39m
                        [0mvisibility[0m
                      [36m</span>[39m
                    [36m</button>[39m
                  [36m</div>[39m
                [36m</div>[39m
                [36m<button[39m
                  [33mclass[39m=[32m"btn btn-primary w-full h-12 text-lg font-bold 
shadow-md"[39m
                  [33mtype[39m=[32m"submit"[39m
                [36m>[39m
                  [36m<span[39m
                    [33mclass[39m=[32m"material-symbols-outlined"[39m
                  [36m>[39m
                    [0mlogin[0m
                  [36m</span>[39m
                  [0mLogin[0m
                [36m</button>[39m
              [36m</form>[39m
              [36m<div[39m
                [33mclass[39m=[32m"mt-8 space-y-3"[39m
              [36m>[39m
                [36m<div[39m
                  [33mclass[39m=[32m"divider text-[10px] uppercase font-bold opacity-30"[39m
                [36m>[39m
                  [0mOther Methods[0m
                [36m</div>[39m
                [36m<button[39m
                  [33mclass[39m=[32m"btn btn-outline btn-secondary w-full h-12 gap-3"[39m
                [36m>[39m
                  [36m<span[39m
                    [33mclass[39m=[32m"material-symbols-outlined"[39m
                  [36m>[39m
                    [0mpasskey[0m
                  [36m</span>[39m
                  [0mLogin with Passkey[0m
                [36m</button>[39m
                [36m<button[39m
                  [33mclass[39m=[32m"btn btn-ghost btn-sm w-full opacity-60 
hover:opacity-100"[39m
                [36m>[39m
                  [36m<span[39m
                    [33mclass[39m=[32m"material-symbols-outlined text-sm"[39m
                  [36m>[39m
                    [0marrow_back[0m
                  [36m</span>[39m
                  [0mBack to Options[0m
                [36m</button>[39m
              [36m</div>[39m
              [36m<div[39m
                [33mclass[39m=[32m"mt-8 text-center pt-6 border-t border-base-200"[39m
              [36m>[39m
                [36m<p[39m
                  [33mclass[39m=[32m"text-sm opacity-70"[39m
                [36m>[39m
                  [0mDon't have an account?[0m
                  [0m [0m
                  [36m<button[39m
                    [33mclass[39m=[32m"font-bold text-primary hover:link"[39m
                  [36m>[39m
                    [0mSign up now[0m
                  [36m</button>[39m
                [36m</p>[39m
              [36m</div>[39m
            [36m</div>[39m
          [36m</div>[39m
        [36m</div>[39m
      [36m</div>[39m
    [36m</div>[39m
  [36m</body>[39m
[36m</html>[39m

Expected: [32m"/[7mreports[27m"[39m
Received: [31m"/[7mlogin[27m"[39m

[36m [2mΓ¥»[22m timeout src/__tests__/routes.test.jsx:[2m203:50[22m[39m
    [90m201| [39m
    [90m202| [39m            [35mawait[39m [34mwaitFor[39m(() [33m=>[39m {
    [90m203| [39m                [34mexpect[39m(window[33m.[39mlocation[33m.[39mpathname
)[33m.[39m[34mtoBe[39m([32m'/reports'[39m)[33m;[39m
    [90m   | [39m                                                 [31m^[39m
    [90m204| [39m            }[33m,[39m { timeout[33m:[39m [34m3000[39m })[33m;[39m
    [90m205| [39m        })[33m;[39m
[90m [2mΓ¥»[22m runWithExpensiveErrorDiagnosticsDisabled 
node_modules/@testing-library/dom/dist/config.js:[2m47:12[22m[39m
[90m [2mΓ¥»[22m checkCallback 
node_modules/@testing-library/dom/dist/wait-for.js:[2m124:77[22m[39m
[90m [2mΓ¥»[22m Timeout.checkRealTimersCallback 
node_modules/@testing-library/dom/dist/wait-for.js:[2m118:16[22m[39m

[31m[2mΓÄ»ΓÄ»ΓÄ»ΓÄ»ΓÄ»ΓÄ»ΓÄ»ΓÄ»ΓÄ»ΓÄ»ΓÄ»ΓÄ»ΓÄ»ΓÄ»ΓÄ»ΓÄ»ΓÄ»ΓÄ»ΓÄ»ΓÄ»ΓÄ»ΓÄ»ΓÄ»[9/13]ΓÄ»[22m[39
m

[41m[1m FAIL [22m[49m src/__tests__/routes.test.jsx[2m > [22mRoute Tests[2m > 
[22mProtected Routes - Authenticated Access[2m > [22mshould render settings page at 
/settings when authenticated
[31m[1mAssertionError[22m[39m: expected '/login' to be '/settings' // Object.is equality

Ignored nodes: comments, script, style
[36m<html>[39m
  [36m<head />[39m
  [36m<body>[39m
    [36m<div>[39m
      [36m<div[39m
        [33mclass[39m=[32m"min-h-screen bg-base-200"[39m
        [33mdata-theme[39m=[32m"lemonade"[39m
      [36m>[39m
        [36m<div[39m
          [33mclass[39m=[32m"min-h-screen bg-base-200 flex items-center justify-center 
p-4"[39m
          [33mdata-theme[39m=[32m"lemonade"[39m
        [36m>[39m
          [36m<div[39m
            [33mclass[39m=[32m"card w-full max-w-md bg-base-100 shadow-xl border 
border-base-300"[39m
          [36m>[39m
            [36m<div[39m
              [33mclass[39m=[32m"card-body p-6 sm:p-8"[39m
            [36m>[39m
              [36m<div[39m
                [33mclass[39m=[32m"text-center mb-8"[39m
              [36m>[39m
                [36m<div[39m
                  [33mclass[39m=[32m"inline-flex items-center justify-center w-14 h-14 
rounded-full bg-primary/10 mb-3"[39m
                [36m>[39m
                  [36m<span[39m
                    [33mclass[39m=[32m"material-symbols-outlined text-4xl text-primary"[39m
                  [36m>[39m
                    [0mlock_open[0m
                  [36m</span>[39m
                [36m</div>[39m
                [36m<h2[39m
                  [33mclass[39m=[32m"text-2xl font-black text-base-content 
leading-tight"[39m
                [36m>[39m
                  [0mLogin to Your Account[0m
                [36m</h2>[39m
              [36m</div>[39m
              [36m<form[39m
                [33mclass[39m=[32m"space-y-5"[39m
              [36m>[39m
                [36m<div[39m
                  [33mclass[39m=[32m"form-control"[39m
                [36m>[39m
                  [36m<label[39m
                    [33mclass[39m=[32m"label py-1"[39m
                    [33mfor[39m=[32m"phone"[39m
                  [36m>[39m
                    [36m<span[39m
                      [33mclass[39m=[32m"label-text font-bold flex items-center gap-2"[39m
                    [36m>[39m
                      [36m<span[39m
                        [33mclass[39m=[32m"material-symbols-outlined text-sm"[39m
                      [36m>[39m
                        [0mcall[0m
                      [36m</span>[39m
                      [0mPhone Number[0m
                    [36m</span>[39m
                  [36m</label>[39m
                  [36m<div[39m
                    [33mclass[39m=[32m"relative"[39m
                  [36m>[39m
                    [36m<input[39m
                      [33mclass[39m=[32m"input input-bordered w-full h-12 "[39m
                      [33mid[39m=[32m"phone"[39m
                      [33mmaxlength[39m=[32m"10"[39m
                      [33mname[39m=[32m"phone"[39m
                      [33mplaceholder[39m=[32m"Enter your phone number"[39m
                      [33mtype[39m=[32m"tel"[39m
                      [33mvalue[39m=[32m""[39m
                    [36m/>[39m
                  [36m</div>[39m
                [36m</div>[39m
                [36m<div[39m
                  [33mclass[39m=[32m"form-control"[39m
                [36m>[39m
                  [36m<label[39m
                    [33mclass[39m=[32m"label py-1"[39m
                    [33mfor[39m=[32m"password"[39m
                  [36m>[39m
                    [36m<span[39m
                      [33mclass[39m=[32m"label-text font-bold flex items-center gap-2"[39m
                    [36m>[39m
                      [36m<span[39m
                        [33mclass[39m=[32m"material-symbols-outlined text-sm"[39m
                      [36m>[39m
                        [0mkey[0m
                      [36m</span>[39m
                      [0mPassword[0m
                    [36m</span>[39m
                  [36m</label>[39m
                  [36m<div[39m
                    [33mclass[39m=[32m"relative"[39m
                  [36m>[39m
                    [36m<input[39m
                      [33mclass[39m=[32m"input input-bordered w-full h-12 pr-12 "[39m
                      [33mid[39m=[32m"password"[39m
                      [33mname[39m=[32m"password"[39m
                      [33mplaceholder[39m=[32m"Enter your password"[39m
                      [33mtype[39m=[32m"password"[39m
                      [33mvalue[39m=[32m""[39m
                    [36m/>[39m
                    [36m<button[39m
                      [33mclass[39m=[32m"absolute right-3 top-1/2 -translate-y-1/2 
text-base-content/40 hover:text-primary transition-colors"[39m
                      [33mtype[39m=[32m"button"[39m
                    [36m>[39m
                      [36m<span[39m
                        [33mclass[39m=[32m"material-symbols-outlined"[39m
                      [36m>[39m
                        [0mvisibility[0m
                      [36m</span>[39m
                    [36m</button>[39m
                  [36m</div>[39m
                [36m</div>[39m
                [36m<button[39m
                  [33mclass[39m=[32m"btn btn-primary w-full h-12 text-lg font-bold 
shadow-md"[39m
                  [33mtype[39m=[32m"submit"[39m
                [36m>[39m
                  [36m<span[39m
                    [33mclass[39m=[32m"material-symbols-outlined"[39m
                  [36m>[39m
                    [0mlogin[0m
                  [36m</span>[39m
                  [0mLogin[0m
                [36m</button>[39m
              [36m</form>[39m
              [36m<div[39m
                [33mclass[39m=[32m"mt-8 space-y-3"[39m
              [36m>[39m
                [36m<div[39m
                  [33mclass[39m=[32m"divider text-[10px] uppercase font-bold opacity-30"[39m
                [36m>[39m
                  [0mOther Methods[0m
                [36m</div>[39m
                [36m<button[39m
                  [33mclass[39m=[32m"btn btn-outline btn-secondary w-full h-12 gap-3"[39m
                [36m>[39m
                  [36m<span[39m
                    [33mclass[39m=[32m"material-symbols-outlined"[39m
                  [36m>[39m
                    [0mpasskey[0m
                  [36m</span>[39m
                  [0mLogin with Passkey[0m
                [36m</button>[39m
                [36m<button[39m
                  [33mclass[39m=[32m"btn btn-ghost btn-sm w-full opacity-60 
hover:opacity-100"[39m
                [36m>[39m
                  [36m<span[39m
                    [33mclass[39m=[32m"material-symbols-outlined text-sm"[39m
                  [36m>[39m
                    [0marrow_back[0m
                  [36m</span>[39m
                  [0mBack to Options[0m
                [36m</button>[39m
              [36m</div>[39m
              [36m<div[39m
                [33mclass[39m=[32m"mt-8 text-center pt-6 border-t border-base-200"[39m
              [36m>[39m
                [36m<p[39m
                  [33mclass[39m=[32m"text-sm opacity-70"[39m
                [36m>[39m
                  [0mDon't have an account?[0m
                  [0m [0m
                  [36m<button[39m
                    [33mclass[39m=[32m"font-bold text-primary hover:link"[39m
                  [36m>[39m
                    [0mSign up now[0m
                  [36m</button>[39m
                [36m</p>[39m
              [36m</div>[39m
            [36m</div>[39m
          [36m</div>[39m
        [36m</div>[39m
      [36m</div>[39m
    [36m</div>[39m
  [36m</body>[39m
[36m</html>[39m

Expected: [32m"/[7msettings[27m"[39m
Received: [31m"/[7mlogin[27m"[39m

[36m [2mΓ¥»[22m timeout src/__tests__/routes.test.jsx:[2m215:50[22m[39m
    [90m213| [39m
    [90m214| [39m            [35mawait[39m [34mwaitFor[39m(() [33m=>[39m {
    [90m215| [39m                [34mexpect[39m(window[33m.[39mlocation[33m.[39mpathname
)[33m.[39m[34mtoBe[39m([32m'/settings'[39m)[33m;[39m
    [90m   | [39m                                                 [31m^[39m
    [90m216| [39m            }[33m,[39m { timeout[33m:[39m [34m3000[39m })[33m;[39m
    [90m217| [39m        })[33m;[39m
[90m [2mΓ¥»[22m runWithExpensiveErrorDiagnosticsDisabled 
node_modules/@testing-library/dom/dist/config.js:[2m47:12[22m[39m
[90m [2mΓ¥»[22m checkCallback 
node_modules/@testing-library/dom/dist/wait-for.js:[2m124:77[22m[39m
[90m [2mΓ¥»[22m Timeout.checkRealTimersCallback 
node_modules/@testing-library/dom/dist/wait-for.js:[2m118:16[22m[39m

[31m[2mΓÄ»ΓÄ»ΓÄ»ΓÄ»ΓÄ»ΓÄ»ΓÄ»ΓÄ»ΓÄ»ΓÄ»ΓÄ»ΓÄ»ΓÄ»ΓÄ»ΓÄ»ΓÄ»ΓÄ»ΓÄ»ΓÄ»ΓÄ»ΓÄ»ΓÄ»[10/13]ΓÄ»[22m[39m

[41m[1m FAIL [22m[49m src/__tests__/routes.test.jsx[2m > [22mRoute Tests[2m > 
[22mFallback Routes[2m > [22mshould redirect unknown routes to / (then /dashboard) when 
authenticated
[31m[1mAssertionError[22m[39m: expected '/login' to be '/dashboard' // Object.is equality

Ignored nodes: comments, script, style
[36m<html>[39m
  [36m<head />[39m
  [36m<body>[39m
    [36m<div>[39m
      [36m<div[39m
        [33mclass[39m=[32m"min-h-screen bg-base-200"[39m
        [33mdata-theme[39m=[32m"lemonade"[39m
      [36m>[39m
        [36m<div[39m
          [33mclass[39m=[32m"min-h-screen bg-base-200 flex items-center justify-center 
p-4"[39m
          [33mdata-theme[39m=[32m"lemonade"[39m
        [36m>[39m
          [36m<div[39m
            [33mclass[39m=[32m"card w-full max-w-md bg-base-100 shadow-xl border 
border-base-300"[39m
          [36m>[39m
            [36m<div[39m
              [33mclass[39m=[32m"card-body p-6 sm:p-8"[39m
            [36m>[39m
              [36m<div[39m
                [33mclass[39m=[32m"text-center mb-8"[39m
              [36m>[39m
                [36m<div[39m
                  [33mclass[39m=[32m"inline-flex items-center justify-center w-14 h-14 
rounded-full bg-primary/10 mb-3"[39m
                [36m>[39m
                  [36m<span[39m
                    [33mclass[39m=[32m"material-symbols-outlined text-4xl text-primary"[39m
                  [36m>[39m
                    [0mlock_open[0m
                  [36m</span>[39m
                [36m</div>[39m
                [36m<h2[39m
                  [33mclass[39m=[32m"text-2xl font-black text-base-content 
leading-tight"[39m
                [36m>[39m
                  [0mLogin to Your Account[0m
                [36m</h2>[39m
              [36m</div>[39m
              [36m<form[39m
                [33mclass[39m=[32m"space-y-5"[39m
              [36m>[39m
                [36m<div[39m
                  [33mclass[39m=[32m"form-control"[39m
                [36m>[39m
                  [36m<label[39m
                    [33mclass[39m=[32m"label py-1"[39m
                    [33mfor[39m=[32m"phone"[39m
                  [36m>[39m
                    [36m<span[39m
                      [33mclass[39m=[32m"label-text font-bold flex items-center gap-2"[39m
                    [36m>[39m
                      [36m<span[39m
                        [33mclass[39m=[32m"material-symbols-outlined text-sm"[39m
                      [36m>[39m
                        [0mcall[0m
                      [36m</span>[39m
                      [0mPhone Number[0m
                    [36m</span>[39m
                  [36m</label>[39m
                  [36m<div[39m
                    [33mclass[39m=[32m"relative"[39m
                  [36m>[39m
                    [36m<input[39m
                      [33mclass[39m=[32m"input input-bordered w-full h-12 "[39m
                      [33mid[39m=[32m"phone"[39m
                      [33mmaxlength[39m=[32m"10"[39m
                      [33mname[39m=[32m"phone"[39m
                      [33mplaceholder[39m=[32m"Enter your phone number"[39m
                      [33mtype[39m=[32m"tel"[39m
                      [33mvalue[39m=[32m""[39m
                    [36m/>[39m
                  [36m</div>[39m
                [36m</div>[39m
                [36m<div[39m
                  [33mclass[39m=[32m"form-control"[39m
                [36m>[39m
                  [36m<label[39m
                    [33mclass[39m=[32m"label py-1"[39m
                    [33mfor[39m=[32m"password"[39m
                  [36m>[39m
                    [36m<span[39m
                      [33mclass[39m=[32m"label-text font-bold flex items-center gap-2"[39m
                    [36m>[39m
                      [36m<span[39m
                        [33mclass[39m=[32m"material-symbols-outlined text-sm"[39m
                      [36m>[39m
                        [0mkey[0m
                      [36m</span>[39m
                      [0mPassword[0m
                    [36m</span>[39m
                  [36m</label>[39m
                  [36m<div[39m
                    [33mclass[39m=[32m"relative"[39m
                  [36m>[39m
                    [36m<input[39m
                      [33mclass[39m=[32m"input input-bordered w-full h-12 pr-12 "[39m
                      [33mid[39m=[32m"password"[39m
                      [33mname[39m=[32m"password"[39m
                      [33mplaceholder[39m=[32m"Enter your password"[39m
                      [33mtype[39m=[32m"password"[39m
                      [33mvalue[39m=[32m""[39m
                    [36m/>[39m
                    [36m<button[39m
                      [33mclass[39m=[32m"absolute right-3 top-1/2 -translate-y-1/2 
text-base-content/40 hover:text-primary transition-colors"[39m
                      [33mtype[39m=[32m"button"[39m
                    [36m>[39m
                      [36m<span[39m
                        [33mclass[39m=[32m"material-symbols-outlined"[39m
                      [36m>[39m
                        [0mvisibility[0m
                      [36m</span>[39m
                    [36m</button>[39m
                  [36m</div>[39m
                [36m</div>[39m
                [36m<button[39m
                  [33mclass[39m=[32m"btn btn-primary w-full h-12 text-lg font-bold 
shadow-md"[39m
                  [33mtype[39m=[32m"submit"[39m
                [36m>[39m
                  [36m<span[39m
                    [33mclass[39m=[32m"material-symbols-outlined"[39m
                  [36m>[39m
                    [0mlogin[0m
                  [36m</span>[39m
                  [0mLogin[0m
                [36m</button>[39m
              [36m</form>[39m
              [36m<div[39m
                [33mclass[39m=[32m"mt-8 space-y-3"[39m
              [36m>[39m
                [36m<div[39m
                  [33mclass[39m=[32m"divider text-[10px] uppercase font-bold opacity-30"[39m
                [36m>[39m
                  [0mOther Methods[0m
                [36m</div>[39m
                [36m<button[39m
                  [33mclass[39m=[32m"btn btn-outline btn-secondary w-full h-12 gap-3"[39m
                [36m>[39m
                  [36m<span[39m
                    [33mclass[39m=[32m"material-symbols-outlined"[39m
                  [36m>[39m
                    [0mpasskey[0m
                  [36m</span>[39m
                  [0mLogin with Passkey[0m
                [36m</button>[39m
                [36m<button[39m
                  [33mclass[39m=[32m"btn btn-ghost btn-sm w-full opacity-60 
hover:opacity-100"[39m
                [36m>[39m
                  [36m<span[39m
                    [33mclass[39m=[32m"material-symbols-outlined text-sm"[39m
                  [36m>[39m
                    [0marrow_back[0m
                  [36m</span>[39m
                  [0mBack to Options[0m
                [36m</button>[39m
              [36m</div>[39m
              [36m<div[39m
                [33mclass[39m=[32m"mt-8 text-center pt-6 border-t border-base-200"[39m
              [36m>[39m
                [36m<p[39m
                  [33mclass[39m=[32m"text-sm opacity-70"[39m
                [36m>[39m
                  [0mDon't have an account?[0m
                  [0m [0m
                  [36m<button[39m
                    [33mclass[39m=[32m"font-bold text-primary hover:link"[39m
                  [36m>[39m
                    [0mSign up now[0m
                  [36m</button>[39m
                [36m</p>[39m
              [36m</div>[39m
            [36m</div>[39m
          [36m</div>[39m
        [36m</div>[39m
      [36m</div>[39m
    [36m</div>[39m
  [36m</body>[39m
[36m</html>[39m

Expected: [32m"/[7mdashboard[27m"[39m
Received: [31m"/[7mlogin[27m"[39m

[36m [2mΓ¥»[22m timeout src/__tests__/routes.test.jsx:[2m242:50[22m[39m
    [90m240| [39m            [35mawait[39m [34mwaitFor[39m(() [33m=>[39m {
    [90m241| [39m                [90m// Should redirect to / then to /dashboard[39m
    [90m242| [39m                [34mexpect[39m(window[33m.[39mlocation[33m.[39mpathname
)[33m.[39m[34mtoBe[39m([32m'/dashboard'[39m)[33m;[39m
    [90m   | [39m                                                 [31m^[39m
    [90m243| [39m            }[33m,[39m { timeout[33m:[39m [34m3000[39m })[33m;[39m
    [90m244| [39m        })[33m;[39m
[90m [2mΓ¥»[22m runWithExpensiveErrorDiagnosticsDisabled 
node_modules/@testing-library/dom/dist/config.js:[2m47:12[22m[39m
[90m [2mΓ¥»[22m checkCallback 
node_modules/@testing-library/dom/dist/wait-for.js:[2m124:77[22m[39m
[90m [2mΓ¥»[22m Timeout.checkRealTimersCallback 
node_modules/@testing-library/dom/dist/wait-for.js:[2m118:16[22m[39m

[31m[2mΓÄ»ΓÄ»ΓÄ»ΓÄ»ΓÄ»ΓÄ»ΓÄ»ΓÄ»ΓÄ»ΓÄ»ΓÄ»ΓÄ»ΓÄ»ΓÄ»ΓÄ»ΓÄ»ΓÄ»ΓÄ»ΓÄ»ΓÄ»ΓÄ»ΓÄ»[11/13]ΓÄ»[22m[39m

[41m[1m FAIL [22m[49m src/__tests__/routes.test.jsx[2m > [22mRoute Tests[2m > 
[22mAuthentication Flow[2m > [22mshould redirect authenticated users from /login to 
/dashboard
[31m[1mAssertionError[22m[39m: expected '/login' to be '/dashboard' // Object.is equality

Ignored nodes: comments, script, style
[36m<html>[39m
  [36m<head />[39m
  [36m<body>[39m
    [36m<div>[39m
      [36m<div[39m
        [33mclass[39m=[32m"min-h-screen bg-base-200"[39m
        [33mdata-theme[39m=[32m"lemonade"[39m
      [36m>[39m
        [36m<div[39m
          [33mclass[39m=[32m"min-h-screen bg-base-200 flex items-center justify-center 
p-4"[39m
          [33mdata-theme[39m=[32m"lemonade"[39m
        [36m>[39m
          [36m<div[39m
            [33mclass[39m=[32m"card w-full max-w-md bg-base-100 shadow-xl border 
border-base-300"[39m
          [36m>[39m
            [36m<div[39m
              [33mclass[39m=[32m"card-body p-6 sm:p-8"[39m
            [36m>[39m
              [36m<div[39m
                [33mclass[39m=[32m"text-center mb-8"[39m
              [36m>[39m
                [36m<div[39m
                  [33mclass[39m=[32m"inline-flex items-center justify-center w-14 h-14 
rounded-full bg-primary/10 mb-3"[39m
                [36m>[39m
                  [36m<span[39m
                    [33mclass[39m=[32m"material-symbols-outlined text-4xl text-primary"[39m
                  [36m>[39m
                    [0mlock_open[0m
                  [36m</span>[39m
                [36m</div>[39m
                [36m<h2[39m
                  [33mclass[39m=[32m"text-2xl font-black text-base-content 
leading-tight"[39m
                [36m>[39m
                  [0mLogin to Your Account[0m
                [36m</h2>[39m
              [36m</div>[39m
              [36m<form[39m
                [33mclass[39m=[32m"space-y-5"[39m
              [36m>[39m
                [36m<div[39m
                  [33mclass[39m=[32m"form-control"[39m
                [36m>[39m
                  [36m<label[39m
                    [33mclass[39m=[32m"label py-1"[39m
                    [33mfor[39m=[32m"phone"[39m
                  [36m>[39m
                    [36m<span[39m
                      [33mclass[39m=[32m"label-text font-bold flex items-center gap-2"[39m
                    [36m>[39m
                      [36m<span[39m
                        [33mclass[39m=[32m"material-symbols-outlined text-sm"[39m
                      [36m>[39m
                        [0mcall[0m
                      [36m</span>[39m
                      [0mPhone Number[0m
                    [36m</span>[39m
                  [36m</label>[39m
                  [36m<div[39m
                    [33mclass[39m=[32m"relative"[39m
                  [36m>[39m
                    [36m<input[39m
                      [33mclass[39m=[32m"input input-bordered w-full h-12 "[39m
                      [33mid[39m=[32m"phone"[39m
                      [33mmaxlength[39m=[32m"10"[39m
                      [33mname[39m=[32m"phone"[39m
                      [33mplaceholder[39m=[32m"Enter your phone number"[39m
                      [33mtype[39m=[32m"tel"[39m
                      [33mvalue[39m=[32m""[39m
                    [36m/>[39m
                  [36m</div>[39m
                [36m</div>[39m
                [36m<div[39m
                  [33mclass[39m=[32m"form-control"[39m
                [36m>[39m
                  [36m<label[39m
                    [33mclass[39m=[32m"label py-1"[39m
                    [33mfor[39m=[32m"password"[39m
                  [36m>[39m
                    [36m<span[39m
                      [33mclass[39m=[32m"label-text font-bold flex items-center gap-2"[39m
                    [36m>[39m
                      [36m<span[39m
                        [33mclass[39m=[32m"material-symbols-outlined text-sm"[39m
                      [36m>[39m
                        [0mkey[0m
                      [36m</span>[39m
                      [0mPassword[0m
                    [36m</span>[39m
                  [36m</label>[39m
                  [36m<div[39m
                    [33mclass[39m=[32m"relative"[39m
                  [36m>[39m
                    [36m<input[39m
                      [33mclass[39m=[32m"input input-bordered w-full h-12 pr-12 "[39m
                      [33mid[39m=[32m"password"[39m
                      [33mname[39m=[32m"password"[39m
                      [33mplaceholder[39m=[32m"Enter your password"[39m
                      [33mtype[39m=[32m"password"[39m
                      [33mvalue[39m=[32m""[39m
                    [36m/>[39m
                    [36m<button[39m
                      [33mclass[39m=[32m"absolute right-3 top-1/2 -translate-y-1/2 
text-base-content/40 hover:text-primary transition-colors"[39m
                      [33mtype[39m=[32m"button"[39m
                    [36m>[39m
                      [36m<span[39m
                        [33mclass[39m=[32m"material-symbols-outlined"[39m
                      [36m>[39m
                        [0mvisibility[0m
                      [36m</span>[39m
                    [36m</button>[39m
                  [36m</div>[39m
                [36m</div>[39m
                [36m<button[39m
                  [33mclass[39m=[32m"btn btn-primary w-full h-12 text-lg font-bold 
shadow-md"[39m
                  [33mtype[39m=[32m"submit"[39m
                [36m>[39m
                  [36m<span[39m
                    [33mclass[39m=[32m"material-symbols-outlined"[39m
                  [36m>[39m
                    [0mlogin[0m
                  [36m</span>[39m
                  [0mLogin[0m
                [36m</button>[39m
              [36m</form>[39m
              [36m<div[39m
                [33mclass[39m=[32m"mt-8 space-y-3"[39m
              [36m>[39m
                [36m<div[39m
                  [33mclass[39m=[32m"divider text-[10px] uppercase font-bold opacity-30"[39m
                [36m>[39m
                  [0mOther Methods[0m
                [36m</div>[39m
                [36m<button[39m
                  [33mclass[39m=[32m"btn btn-outline btn-secondary w-full h-12 gap-3"[39m
                [36m>[39m
                  [36m<span[39m
                    [33mclass[39m=[32m"material-symbols-outlined"[39m
                  [36m>[39m
                    [0mpasskey[0m
                  [36m</span>[39m
                  [0mLogin with Passkey[0m
                [36m</button>[39m
                [36m<button[39m
                  [33mclass[39m=[32m"btn btn-ghost btn-sm w-full opacity-60 
hover:opacity-100"[39m
                [36m>[39m
                  [36m<span[39m
                    [33mclass[39m=[32m"material-symbols-outlined text-sm"[39m
                  [36m>[39m
                    [0marrow_back[0m
                  [36m</span>[39m
                  [0mBack to Options[0m
                [36m</button>[39m
              [36m</div>[39m
              [36m<div[39m
                [33mclass[39m=[32m"mt-8 text-center pt-6 border-t border-base-200"[39m
              [36m>[39m
                [36m<p[39m
                  [33mclass[39m=[32m"text-sm opacity-70"[39m
                [36m>[39m
                  [0mDon't have an account?[0m
                  [0m [0m
                  [36m<button[39m
                    [33mclass[39m=[32m"font-bold text-primary hover:link"[39m
                  [36m>[39m
                    [0mSign up now[0m
                  [36m</button>[39m
                [36m</p>[39m
              [36m</div>[39m
            [36m</div>[39m
          [36m</div>[39m
        [36m</div>[39m
      [36m</div>[39m
    [36m</div>[39m
  [36m</body>[39m
[36m</html>[39m

Expected: [32m"/[7mdashboard[27m"[39m
Received: [31m"/[7mlogin[27m"[39m

[36m [2mΓ¥»[22m timeout src/__tests__/routes.test.jsx:[2m256:50[22m[39m
    [90m254| [39m
    [90m255| [39m            [35mawait[39m [34mwaitFor[39m(() [33m=>[39m {
    [90m256| [39m                [34mexpect[39m(window[33m.[39mlocation[33m.[39mpathname
)[33m.[39m[34mtoBe[39m([32m'/dashboard'[39m)[33m;[39m
    [90m   | [39m                                                 [31m^[39m
    [90m257| [39m            }[33m,[39m { timeout[33m:[39m [34m3000[39m })[33m;[39m
    [90m258| [39m        })[33m;[39m
[90m [2mΓ¥»[22m runWithExpensiveErrorDiagnosticsDisabled 
node_modules/@testing-library/dom/dist/config.js:[2m47:12[22m[39m
[90m [2mΓ¥»[22m checkCallback 
node_modules/@testing-library/dom/dist/wait-for.js:[2m124:77[22m[39m
[90m [2mΓ¥»[22m Timeout.checkRealTimersCallback 
node_modules/@testing-library/dom/dist/wait-for.js:[2m118:16[22m[39m

[31m[2mΓÄ»ΓÄ»ΓÄ»ΓÄ»ΓÄ»ΓÄ»ΓÄ»ΓÄ»ΓÄ»ΓÄ»ΓÄ»ΓÄ»ΓÄ»ΓÄ»ΓÄ»ΓÄ»ΓÄ»ΓÄ»ΓÄ»ΓÄ»ΓÄ»ΓÄ»[12/13]ΓÄ»[22m[39m

[41m[1m FAIL [22m[49m src/__tests__/routes.test.jsx[2m > [22mRoute Tests[2m > 
[22mAuthentication Flow[2m > [22mshould redirect authenticated users from /signup to 
/dashboard
[31m[1mAssertionError[22m[39m: expected '/signup' to be '/dashboard' // Object.is equality

Ignored nodes: comments, script, style
[36m<html>[39m
  [36m<head />[39m
  [36m<body>[39m
    [36m<div>[39m
      [36m<div[39m
        [33mclass[39m=[32m"min-h-screen bg-base-200"[39m
        [33mdata-theme[39m=[32m"lemonade"[39m
      [36m>[39m
        [36m<div[39m
          [33mclass[39m=[32m"min-h-screen bg-base-200 flex items-center justify-center 
p-4"[39m
          [33mdata-theme[39m=[32m"lemonade"[39m
        [36m>[39m
          [36m<div[39m
            [33mclass[39m=[32m"card w-full max-w-2xl bg-base-100 shadow-xl border 
border-base-300"[39m
          [36m>[39m
            [36m<div[39m
              [33mclass[39m=[32m"card-body p-6 md:p-8"[39m
            [36m>[39m
              [36m<div[39m
                [33mclass[39m=[32m"text-center mb-6"[39m
              [36m>[39m
                [36m<div[39m
                  [33mclass[39m=[32m"inline-flex items-center justify-center w-14 h-14 
rounded-full bg-primary/10 mb-3"[39m
                [36m>[39m
                  [36m<span[39m
                    [33mclass[39m=[32m"material-symbols-outlined text-4xl text-primary"[39m
                  [36m>[39m
                    [0magriculture[0m
                  [36m</span>[39m
                [36m</div>[39m
                [36m<h2[39m
                  [33mclass[39m=[32m"card-title justify-center text-2xl md:text-3xl 
font-black text-base-content"[39m
                [36m>[39m
                  [0mCreate Account[0m
                [36m</h2>[39m
                [36m<p[39m
                  [33mclass[39m=[32m"text-base-content/70 mt-1"[39m
                [36m>[39m
                  [0mBasic Information[0m
                [36m</p>[39m
              [36m</div>[39m
              [36m<div[39m
                [33mclass[39m=[32m"mb-5"[39m
              [36m>[39m
                [36m<div[39m
                  [33mclass[39m=[32m"flex items-center justify-between mb-1"[39m
                [36m>[39m
                  [36m<span[39m
                    [33mclass[39m=[32m"text-xs text-[#4D7C0F]"[39m
                  [36m>[39m
                    [0mStep 1 of 3[0m
                  [36m</span>[39m
                  [36m<span[39m
                    [33mclass[39m=[32m"text-xs font-medium text-[#65A30D]"[39m
                  [36m>[39m
                    [0m33[0m
                    [0m%[0m
                  [36m</span>[39m
                [36m</div>[39m
                [36m<div[39m
                  [33mclass[39m=[32m"w-full bg-[#ECFCCB] rounded-full h-2"[39m
                [36m>[39m
                  [36m<div[39m
                    [33mclass[39m=[32m"bg-[#84CC16] h-2 rounded-full transition-all 
duration-300"[39m
                    [33mstyle[39m=[32m"width: 33.33333333333333%;"[39m
                  [36m/>[39m
                [36m</div>[39m
              [36m</div>[39m
              [36m<div[39m
                [33mclass[39m=[32m"space-y-4"[39m
              [36m>[39m
                [36m<div[39m
                  [33mclass[39m=[32m"form-control"[39m
                [36m>[39m
                  [36m<label[39m
                    [33mclass[39m=[32m"label"[39m
                  [36m>[39m
                    [36m<span[39m
                      [33mclass[39m=[32m"label-text font-bold flex items-center gap-2"[39m
                    [36m>[39m
                      [36m<span[39m
                        [33mclass[39m=[32m"material-symbols-outlined text-sm"[39m
                      [36m>[39m
                        [0mcall[0m
                      [36m</span>[39m
                      [0m [0m
                      [0mPhone Number[0m
                    [36m</span>[39m
                  [36m</label>[39m
                  [36m<div[39m
                    [33mclass[39m=[32m"relative"[39m
                  [36m>[39m
                    [36m<input[39m
                      [33mclass[39m=[32m"input input-bordered w-full pr-12 text-lg h-14 
"[39m
                      [33mmaxlength[39m=[32m"10"[39m
                      [33mplaceholder[39m=[32m"10-digit mobile number"[39m
                      [33mtype[39m=[32m"tel"[39m
                      [33mvalue[39m=[32m""[39m
                    [36m/>[39m
                    [36m<div[39m
                      [33mclass[39m=[32m"absolute right-4 top-1/2 -translate-y-1/2 flex 
items-center"[39m
                    [36m/>[39m
                  [36m</div>[39m
                [36m</div>[39m
                [36m<div[39m
                  [33mclass[39m=[32m"form-control"[39m
                [36m>[39m
                  [36m<label[39m
                    [33mclass[39m=[32m"label"[39m
                  [36m>[39m
                    [36m<span[39m
                      [33mclass[39m=[32m"label-text font-bold flex items-center gap-2"[39m
                    [36m>[39m
                      [36m<span[39m
                        [33mclass[39m=[32m"material-symbols-outlined text-sm"[39m
                      [36m>[39m
                        [0mlock[0m
                      [36m</span>[39m
                      [0m [0m
                      [0mPassword[0m
                    [36m</span>[39m
                  [36m</label>[39m
                  [36m<input[39m
                    [33mclass[39m=[32m"input input-bordered w-full h-14"[39m

[2m Test Files [22m [1m[31m1 failed[39m[22m[90m (1)[39m
[2m      Tests [22m [1m[31m13 failed[39m[22m[2m | [22m[1m[32m13 passed[39m[22m[90m (26)[39m
[2m   Start at [22m 21:29:03
[2m   Duration [22m 41.29s[2m (transform 681ms, setup 335ms, import 1.73s, tests 37.69s, environment 1.30s)[22m

                    [33mplaceholder[39m=[32m"Min 6 characters"[39m
                    [33mtype[39m=[32m"password"[39m
                    [33mvalue[39m=[32m""[39m
                  [36m/>[39m
                [36m</div>[39m
                [36m<div[39m
                  [33mclass[39m=[32m"form-control"[39m
                [36m>[39m
                  [36m<label[39m
                    [33mclass[39m=[32m"label"[39m
                  [36m>[39m
                    [36m<span[39m
                      [33mclass[39m=[32m"label-text font-bold flex items-center gap-2"[39m
                    [36m>[39m
                      [36m<span[39m
                        [33mclass[39m=[32m"material-symbols-outlined text-sm"[39m
                      [36m>[39m
                        [0mverified_user[0m
                      [36m</span>[39m
                      [0m [0m
                      [0mConfirm Password[0m
                    [36m</span>[39m
                  [36m</label>[39m
                  [36m<input[39m
                    [33mclass[39m=[32m"input input-bordered w-full h-14"[39m
                    [33mplaceholder[39m=[32m"Re-enter password"[39m
                    [33mtype[39m=[32m"password"[39m
                    [33mvalue[39m=[32m""[39m
                  [36m/>[39m
                [36m</div>[39m
              [36m</div>[39m
              [36m<div[39m
                [33mclass[39m=[32m"card-actions grid grid-cols-2 gap-4 mt-8"[39m
              [36m>[39m
                [36m<button[39m
                  [33mclass[39m=[32m"btn btn-outline h-14"[39m
                  [33mdisabled[39m=[32m""[39m
                [36m>[39m
                  [36m<span[39m
                    [33mclass[39m=[32m"material-symbols-outlined"[39m
                  [36m>[39m
                    [0marrow_back[0m
                  [36m</span>[39m
                  [0mBack[0m
                [36m</button>[39m
                [36m<button[39m
                  [33mclass[39m=[32m"btn btn-primary h-14"[39m
                [36m>[39m
                  [0mNext[0m
                  [36m<span[39m
                    [33mclass[39m=[32m"material-symbols-outlined"[39m
                  [36m>[39m
                    [0marrow_forward[0m
                  [36m</span>[39m
                [36m</button>[39m
              [36m</div>[39m
            [36m</div>[39m
          [36m</div>[39m
        [36m</div>[39m
      [36m</div>[39m
    [36m</div>[39m
  [36m</body>[39m
[36m</html>[39m

Expected: [32m"/[7mdashboard[27m"[39m
Received: [31m"/[7msignup[27m"[39m

[36m [2mΓ¥»[22m timeout src/__tests__/routes.test.jsx:[2m268:50[22m[39m
    [90m266| [39m
    [90m267| [39m            [35mawait[39m [34mwaitFor[39m(() [33m=>[39m {
    [90m268| [39m                [34mexpect[39m(window[33m.[39mlocation[33m.[39mpathname
)[33m.[39m[34mtoBe[39m([32m'/dashboard'[39m)[33m;[39m
    [90m   | [39m                                                 [31m^[39m
    [90m269| [39m            }[33m,[39m { timeout[33m:[39m [34m3000[39m })[33m;[39m
    [90m270| [39m        })[33m;[39m
[90m [2mΓ¥»[22m runWithExpensiveErrorDiagnosticsDisabled 
node_modules/@testing-library/dom/dist/config.js:[2m47:12[22m[39m
[90m [2mΓ¥»[22m checkCallback 
node_modules/@testing-library/dom/dist/wait-for.js:[2m124:77[22m[39m
[90m [2mΓ¥»[22m Timeout.checkRealTimersCallback 
node_modules/@testing-library/dom/dist/wait-for.js:[2m118:16[22m[39m

[31m[2mΓÄ»ΓÄ»ΓÄ»ΓÄ»ΓÄ»ΓÄ»ΓÄ»ΓÄ»ΓÄ»ΓÄ»ΓÄ»ΓÄ»ΓÄ»ΓÄ»ΓÄ»ΓÄ»ΓÄ»ΓÄ»ΓÄ»ΓÄ»ΓÄ»ΓÄ»[13/13]ΓÄ»[22m[39m

